******************************************************************************
                  TI ARM Linker PC v20.2.7                     
******************************************************************************
>> Linked Sat Sep 16 21:18:19 2023

OUTPUT FILE NAME:   <Chat.out>
ENTRY POINT SYMBOL: "_c_int00_noargs"  address: 00000e51


MEMORY CONFIGURATION

         name            origin    length      used     unused   attr    fill
----------------------  --------  ---------  --------  --------  ----  --------
  FLASH                 00000000   00040000  00001484  0003eb7c  R  X
  SRAM                  20000000   00008000  00000610  000079f0  RW X


SEGMENT ALLOCATION MAP

run origin  load origin   length   init length attrs members
----------  ----------- ---------- ----------- ----- -------
00000000    00000000    00001488   00001488    r-x
  00000000    00000000    0000026c   0000026c    r-- .intvecs
  0000026c    0000026c    00000dd4   00000dd4    r-x .text
  00001040    00001040    000003fc   000003fc    r-- .const
  00001440    00001440    00000048   00000048    r-- .cinit
20000000    20000000    00000614   00000000    rw-
  20000000    20000000    0000026c   00000000    rw- .vtable
  20000270    20000270    00000200   00000000    rw- .stack
  20000470    20000470    00000190   00000000    rw- .bss
  20000600    20000600    00000014   00000000    rw- .data


SECTION ALLOCATION MAP

 output                                  attributes/
section   page    origin      length       input sections
--------  ----  ----------  ----------   ----------------
.intvecs   0    00000000    0000026c     
                  00000000    0000026c     tm4c123gh6pm_startup_ccs.obj (.intvecs)

.text      0    0000026c    00000dd4     
                  0000026c    00000240     chat_app.obj (.text)
                  000004ac    00000188     uart.obj (.text)
                  00000634    0000016c     driverlib.lib : gpio.obj (.text:GPIOPadConfigSet)
                  000007a0    00000118                   : sysctl.obj (.text:SysCtlClockGet)
                  000008b8    000000bc     Buttons.obj (.text)
                  00000974    0000009c     rtsv7M4_T_le_v4SPD16_eabi.lib : memcpy_t2.asm.obj (.text)
                  00000a10    0000007a                                   : memset_t2.asm.obj (.text)
                  00000a8a    00000002     --HOLE-- [fill = 0]
                  00000a8c    00000068     driverlib.lib : interrupt.obj (.text:IntEnable)
                  00000af4    00000068     rtsv7M4_T_le_v4SPD16_eabi.lib : copy_decompress_lzss.c.obj (.text:decompress:lzss:__TI_decompress_lzss)
                  00000b5c    0000005c     LEDs.obj (.text)
                  00000bb8    00000058     driverlib.lib : gpio.obj (.text:GPIOIntTypeSet)
                  00000c10    0000004c                   : gpio.obj (.text:GPIOPinConfigure)
                  00000c5c    00000046                   : uart.obj (.text:UARTConfigSetExpClk)
                  00000ca2    00000046     communication.obj (.text)
                  00000ce8    00000044     driverlib.lib : gpio.obj (.text:_GPIOIntNumberGet)
                  00000d2c    00000044     rtsv7M4_T_le_v4SPD16_eabi.lib : autoinit.c.obj (.text:__TI_auto_init_nobinit_nopinit:__TI_auto_init_nobinit_nopinit)
                  00000d70    00000040     driverlib.lib : uart.obj (.text:_UARTIntNumberGet)
                  00000db0    00000038                   : sysctl.obj (.text:SysCtlPeripheralReady)
                  00000de8    00000034                   : interrupt.obj (.text:IntRegister)
                  00000e1c    00000034                   : sysctl.obj (.text:SysCtlPeripheralEnable)
                  00000e50    00000034     rtsv7M4_T_le_v4SPD16_eabi.lib : boot_cortex_m.c.obj (.text:_c_int00_noargs:_c_int00_noargs)
                  00000e84    0000002c     driverlib.lib : gpio.obj (.text:GPIODirModeSet)
                  00000eb0    00000024                   : interrupt.obj (.text:IntPrioritySet)
                  00000ed4    00000020                   : uart.obj (.text:UARTDisable)
                  00000ef4    0000001a                   : gpio.obj (.text:GPIOPinTypeGPIOOutput)
                  00000f0e    00000018                   : gpio.obj (.text:GPIOIntRegister)
                  00000f26    00000018                   : uart.obj (.text:UARTIntRegister)
                  00000f3e    00000016                   : gpio.obj (.text:GPIOPinTypeGPIOInput)
                  00000f54    00000016                   : gpio.obj (.text:GPIOPinTypeUART)
                  00000f6a    00000014                   : uart.obj (.text:UARTEnable)
                  00000f7e    00000010                   : interrupt.obj (.text:IntMasterEnable)
                  00000f8e    0000000e                   : gpio.obj (.text:GPIOIntStatus)
                  00000f9c    0000000e                   : uart.obj (.text:UARTCharsAvail)
                  00000faa    0000000e     rtsv7M4_T_le_v4SPD16_eabi.lib : copy_decompress_none.c.obj (.text:decompress:none:__TI_decompress_none)
                  00000fb8    0000000c     driverlib.lib : cpu.obj (.text:CPUcpsie)
                  00000fc4    0000000c                   : gpio.obj (.text:GPIOIntEnable)
                  00000fd0    0000000c     rtsv7M4_T_le_v4SPD16_eabi.lib : copy_zero_init.c.obj (.text:decompress:ZI:__TI_zero_init)
                  00000fdc    0000000c     main.obj (.text)
                  00000fe8    0000000c     tm4c123gh6pm_startup_ccs.obj (.text)
                  00000ff4    0000000a     driverlib.lib : uart.obj (.text:UARTCharGet)
                  00000ffe    0000000a                   : uart.obj (.text:UARTCharPut)
                  00001008    0000000a                   : uart.obj (.text:UARTIntStatus)
                  00001012    00000008                   : uart.obj (.text:UARTBusy)
                  0000101a    00000008                   : uart.obj (.text:UARTIntEnable)
                  00001022    00000006                   : gpio.obj (.text:GPIOIntClear)
                  00001028    00000006                   : gpio.obj (.text:GPIOPinWrite)
                  0000102e    00000006                   : uart.obj (.text:UARTFIFOLevelSet)
                  00001034    00000004                   : uart.obj (.text:UARTIntClear)
                  00001038    00000004     rtsv7M4_T_le_v4SPD16_eabi.lib : pre_init.c.obj (.text:_system_pre_init)
                  0000103c    00000004                                   : exit.c.obj (.text:abort:abort)

.const     0    00001040    000003fc     
                  00001040    000000d8     driverlib.lib : gpio.obj (.const:g_ppui32GPIOIntMapSnowflake)
                  00001118    000000c0                   : gpio.obj (.const:g_ppui32GPIOIntMapBlizzard)
                  000011d8    0000009c                   : interrupt.obj (.const:g_pui32Regs)
                  00001274    00000090                   : gpio.obj (.const:g_pui32GPIOBaseAddrs)
                  00001304    0000006c                   : sysctl.obj (.const:g_pui32Xtals)
                  00001370    00000040                   : uart.obj (.const:g_ppui32UARTIntMap)
                  000013b0    00000040                   : uart.obj (.const:g_ppui32UARTIntMapSnowflake)
                  000013f0    00000038     chat_app.obj (.const:.string)
                  00001428    00000014     driverlib.lib : interrupt.obj (.const:g_pui32EnRegs)

.cinit     0    00001440    00000048     
                  00001440    00000010     (.cinit..data.load) [load image, compression = lzss]
                  00001450    0000000c     (__TI_handler_table)
                  0000145c    00000004     --HOLE-- [fill = 0]
                  00001460    00000008     (.cinit..bss.load) [load image, compression = zero_init]
                  00001468    00000008     (.cinit..vtable.load) [load image, compression = zero_init]
                  00001470    00000018     (__TI_cinit_table)

.init_array 
*          0    00000000    00000000     UNINITIALIZED

.vtable    0    20000000    0000026c     UNINITIALIZED
                  20000000    0000026c     driverlib.lib : interrupt.obj (.vtable)

.bss       0    20000470    00000190     UNINITIALIZED
                  20000470    000000c8     (.common:U0_receivedData)
                  20000538    000000c8     (.common:U7_receivedData)

.data      0    20000600    00000014     UNINITIALIZED
                  20000600    0000000a     uart.obj (.data)
                  2000060a    00000001     Buttons.obj (.data)
                  2000060b    00000001     --HOLE--
                  2000060c    00000008     chat_app.obj (.data)

.stack     0    20000270    00000200     UNINITIALIZED
                  20000270    00000004     rtsv7M4_T_le_v4SPD16_eabi.lib : boot_cortex_m.c.obj (.stack)
                  20000274    000001fc     --HOLE--

__llvm_prf_cnts 
*          0    20000000    00000000     UNINITIALIZED

MODULE SUMMARY

       Module                         code   ro data   rw data
       ------                         ----   -------   -------
    .\
       tm4c123gh6pm_startup_ccs.obj   12     620       0      
       main.obj                       12     0         0      
    +--+------------------------------+------+---------+---------+
       Total:                         24     620       0      
                                                              
    .\App\
       chat_app.obj                   576    56        8      
    +--+------------------------------+------+---------+---------+
       Total:                         576    56        8      
                                                              
    .\HAL\
       uart.obj                       392    0         410    
       Buttons.obj                    188    0         1      
       LEDs.obj                       92     0         0      
       communication.obj              70     0         0      
    +--+------------------------------+------+---------+---------+
       Total:                         742    0         411    
                                                              
    C:/ti/TivaWare_C_Series-2.2.0.295/driverlib/ccs/Debug/driverlib.lib
       gpio.obj                       772    552       0      
       interrupt.obj                  208    176       620    
       sysctl.obj                     388    108       0      
       uart.obj                       280    128       0      
       cpu.obj                        12     0         0      
    +--+------------------------------+------+---------+---------+
       Total:                         1660   964       620    
                                                              
    C:\ti\ccs1230\ccs\tools\compiler\ti-cgt-arm_20.2.7.LTS\lib\rtsv7M4_T_le_v4SPD16_eabi.lib
       memcpy_t2.asm.obj              156    0         0      
       memset_t2.asm.obj              122    0         0      
       copy_decompress_lzss.c.obj     104    0         0      
       autoinit.c.obj                 68     0         0      
       boot_cortex_m.c.obj            52     0         0      
       copy_decompress_none.c.obj     14     0         0      
       copy_zero_init.c.obj           12     0         0      
       exit.c.obj                     4      0         0      
       pre_init.c.obj                 4      0         0      
    +--+------------------------------+------+---------+---------+
       Total:                         536    0         0      
                                                              
       Stack:                         0      0         512    
       Linker Generated:              0      68        0      
    +--+------------------------------+------+---------+---------+
       Grand Total:                   3538   1708      1551   


LINKER GENERATED COPY TABLES

__TI_cinit_table @ 00001470 records: 3, size/record: 8, table size: 24
	.data: load addr=00001440, load size=00000010 bytes, run addr=20000600, run size=00000014 bytes, compression=lzss
	.bss: load addr=00001460, load size=00000008 bytes, run addr=20000470, run size=00000190 bytes, compression=zero_init
	.vtable: load addr=00001468, load size=00000008 bytes, run addr=20000000, run size=0000026c bytes, compression=zero_init


LINKER GENERATED HANDLER TABLE

__TI_handler_table @ 00001450 records: 3, size/record: 4, table size: 12
	index: 0, handler: __TI_zero_init
	index: 1, handler: __TI_decompress_lzss
	index: 2, handler: __TI_decompress_none


GLOBAL SYMBOLS: SORTED ALPHABETICALLY BY Name 

address   name                          
-------   ----                          
0000103d  C$$EXIT                       
000005f1  CLEAR_recievedFlag            
000005f9  CLEAR_sendFlag                
00000fb9  CPUcpsie                      
00000e85  GPIODirModeSet                
00001023  GPIOIntClear                  
00000fc5  GPIOIntEnable                 
00000f0f  GPIOIntRegister               
00000f8f  GPIOIntStatus                 
00000bb9  GPIOIntTypeSet                
00000635  GPIOPadConfigSet              
00000c11  GPIOPinConfigure              
00000f3f  GPIOPinTypeGPIOInput          
00000ef5  GPIOPinTypeGPIOOutput         
00000f55  GPIOPinTypeUART               
00001029  GPIOPinWrite                  
00000a8d  IntEnable                     
00000f7f  IntMasterEnable               
00000eb1  IntPrioritySet                
00000de9  IntRegister                   
00000ba3  LEDs_allOff                   
00000b79  LEDs_blueOn                   
00000b5d  LEDs_init                     
00000b87  LEDs_redOn                    
00000b95  LEDs_whiteOn                  
00000fe9  ResetISR                      
000007a1  SysCtlClockGet                
00000e1d  SysCtlPeripheralEnable        
00000db1  SysCtlPeripheralReady         
20000470  U0_receivedData               
20000538  U7_receivedData               
000004ad  UART0_init                    
0000052f  UART0_putString               
00000513  UART0_sendSignal              
00000573  UART7_init                    
000005d5  UART7_recieveSignal           
00001013  UARTBusy                      
00000ff5  UARTCharGet                   
00000fff  UARTCharPut                   
00000f9d  UARTCharsAvail                
00000c5d  UARTConfigSetExpClk           
00000ed5  UARTDisable                   
00000f6b  UARTEnable                    
0000102f  UARTFIFOLevelSet              
00001035  UARTIntClear                  
0000101b  UARTIntEnable                 
00000f27  UARTIntRegister               
00001009  UARTIntStatus                 
20000470  __STACK_END                   
00000200  __STACK_SIZE                  
20000470  __STACK_TOP                   
00001470  __TI_CINIT_Base               
00001488  __TI_CINIT_Limit              
00001450  __TI_Handler_Table_Base       
0000145c  __TI_Handler_Table_Limit      
00000d2d  __TI_auto_init_nobinit_nopinit
00000af5  __TI_decompress_lzss          
00000fab  __TI_decompress_none          
ffffffff  __TI_pprof_out_hndl           
ffffffff  __TI_prof_data_size           
ffffffff  __TI_prof_data_start          
00000000  __TI_static_base__            
00000fd1  __TI_zero_init                
00000a11  __aeabi_memclr                
00000a11  __aeabi_memclr4               
00000a11  __aeabi_memclr8               
00000975  __aeabi_memcpy                
00000975  __aeabi_memcpy4               
00000975  __aeabi_memcpy8               
00000a13  __aeabi_memset                
00000a13  __aeabi_memset4               
00000a13  __aeabi_memset8               
ffffffff  __binit__                     
ffffffff  __c_args__                    
UNDEFED   __mpu_init                    
20000270  __stack                       
20000000  __start___llvm_prf_cnts       
20000000  __stop___llvm_prf_cnts        
00000e51  _c_int00_noargs               
UNDEFED   _system_post_cinit            
00001039  _system_pre_init              
0000103d  abort                         
ffffffff  binit                         
2000060a  button                        
000008b9  buttons_init                  
0000027d  chat_app                      
0000026d  chat_init                     
00000ca3  communication_Init            
00000cbb  communication_getChar         
00000caf  communication_isCharAvailable 
00000cc9  communication_putChar         
00000cdd  communication_putString       
20000610  error_msg                     
20000000  g_pfnRAMVectors               
00000000  g_pfnVectors                  
00000fdd  main                          
00000975  memcpy                        
00000a19  memset                        
00000927  portF_IntHandler              
00000423  recieve                       
20000609  recieve_flag                  
00000343  send                          
20000608  send_flag                     
2000060c  state                         
20000604  uart7_Index                   
20000600  uartIndex                     


GLOBAL SYMBOLS: SORTED BY Symbol Address 

address   name                          
-------   ----                          
00000000  __TI_static_base__            
00000000  g_pfnVectors                  
00000200  __STACK_SIZE                  
0000026d  chat_init                     
0000027d  chat_app                      
00000343  send                          
00000423  recieve                       
000004ad  UART0_init                    
00000513  UART0_sendSignal              
0000052f  UART0_putString               
00000573  UART7_init                    
000005d5  UART7_recieveSignal           
000005f1  CLEAR_recievedFlag            
000005f9  CLEAR_sendFlag                
00000635  GPIOPadConfigSet              
000007a1  SysCtlClockGet                
000008b9  buttons_init                  
00000927  portF_IntHandler              
00000975  __aeabi_memcpy                
00000975  __aeabi_memcpy4               
00000975  __aeabi_memcpy8               
00000975  memcpy                        
00000a11  __aeabi_memclr                
00000a11  __aeabi_memclr4               
00000a11  __aeabi_memclr8               
00000a13  __aeabi_memset                
00000a13  __aeabi_memset4               
00000a13  __aeabi_memset8               
00000a19  memset                        
00000a8d  IntEnable                     
00000af5  __TI_decompress_lzss          
00000b5d  LEDs_init                     
00000b79  LEDs_blueOn                   
00000b87  LEDs_redOn                    
00000b95  LEDs_whiteOn                  
00000ba3  LEDs_allOff                   
00000bb9  GPIOIntTypeSet                
00000c11  GPIOPinConfigure              
00000c5d  UARTConfigSetExpClk           
00000ca3  communication_Init            
00000caf  communication_isCharAvailable 
00000cbb  communication_getChar         
00000cc9  communication_putChar         
00000cdd  communication_putString       
00000d2d  __TI_auto_init_nobinit_nopinit
00000db1  SysCtlPeripheralReady         
00000de9  IntRegister                   
00000e1d  SysCtlPeripheralEnable        
00000e51  _c_int00_noargs               
00000e85  GPIODirModeSet                
00000eb1  IntPrioritySet                
00000ed5  UARTDisable                   
00000ef5  GPIOPinTypeGPIOOutput         
00000f0f  GPIOIntRegister               
00000f27  UARTIntRegister               
00000f3f  GPIOPinTypeGPIOInput          
00000f55  GPIOPinTypeUART               
00000f6b  UARTEnable                    
00000f7f  IntMasterEnable               
00000f8f  GPIOIntStatus                 
00000f9d  UARTCharsAvail                
00000fab  __TI_decompress_none          
00000fb9  CPUcpsie                      
00000fc5  GPIOIntEnable                 
00000fd1  __TI_zero_init                
00000fdd  main                          
00000fe9  ResetISR                      
00000ff5  UARTCharGet                   
00000fff  UARTCharPut                   
00001009  UARTIntStatus                 
00001013  UARTBusy                      
0000101b  UARTIntEnable                 
00001023  GPIOIntClear                  
00001029  GPIOPinWrite                  
0000102f  UARTFIFOLevelSet              
00001035  UARTIntClear                  
00001039  _system_pre_init              
0000103d  C$$EXIT                       
0000103d  abort                         
00001450  __TI_Handler_Table_Base       
0000145c  __TI_Handler_Table_Limit      
00001470  __TI_CINIT_Base               
00001488  __TI_CINIT_Limit              
20000000  __start___llvm_prf_cnts       
20000000  __stop___llvm_prf_cnts        
20000000  g_pfnRAMVectors               
20000270  __stack                       
20000470  U0_receivedData               
20000470  __STACK_END                   
20000470  __STACK_TOP                   
20000538  U7_receivedData               
20000600  uartIndex                     
20000604  uart7_Index                   
20000608  send_flag                     
20000609  recieve_flag                  
2000060a  button                        
2000060c  state                         
20000610  error_msg                     
ffffffff  __TI_pprof_out_hndl           
ffffffff  __TI_prof_data_size           
ffffffff  __TI_prof_data_start          
ffffffff  __binit__                     
ffffffff  __c_args__                    
ffffffff  binit                         
UNDEFED   __mpu_init                    
UNDEFED   _system_post_cinit            

[106 symbols]
