<?xml version="1.0" encoding="ISO-8859-1" ?>
<link_info>
   <banner>TI ARM Linker PC v20.2.7.LTS</banner>
   <copyright>Copyright (c) 1996-2018 Texas Instruments Incorporated</copyright>
   <link_time>0x6505f16b</link_time>
   <link_errors>0x0</link_errors>
   <output_file>Chat.out</output_file>
   <entry_point>
      <name>_c_int00_noargs</name>
      <address>0xe51</address>
   </entry_point>
   <input_file_list>
      <input_file id="fl-2">
         <path>.\</path>
         <kind>object</kind>
         <file>main.obj</file>
         <name>main.obj</name>
      </input_file>
      <input_file id="fl-3">
         <path>.\</path>
         <kind>object</kind>
         <file>tm4c123gh6pm_startup_ccs.obj</file>
         <name>tm4c123gh6pm_startup_ccs.obj</name>
      </input_file>
      <input_file id="fl-4">
         <path>.\App\</path>
         <kind>object</kind>
         <file>chat_app.obj</file>
         <name>chat_app.obj</name>
      </input_file>
      <input_file id="fl-5">
         <path>.\HAL\</path>
         <kind>object</kind>
         <file>Buttons.obj</file>
         <name>Buttons.obj</name>
      </input_file>
      <input_file id="fl-6">
         <path>.\HAL\</path>
         <kind>object</kind>
         <file>LEDs.obj</file>
         <name>LEDs.obj</name>
      </input_file>
      <input_file id="fl-7">
         <path>.\HAL\</path>
         <kind>object</kind>
         <file>communication.obj</file>
         <name>communication.obj</name>
      </input_file>
      <input_file id="fl-8">
         <path>.\HAL\</path>
         <kind>object</kind>
         <file>uart.obj</file>
         <name>uart.obj</name>
      </input_file>
      <input_file id="fl-d">
         <kind>object</kind>
         <file>&lt;internal&gt;</file>
         <name>&lt;internal&gt;</name>
      </input_file>
      <input_file id="fl-e">
         <path>C:\ti\TivaWare_C_Series-2.2.0.295\driverlib\ccs\Debug\</path>
         <kind>archive</kind>
         <file>driverlib.lib</file>
         <name>gpio.obj</name>
      </input_file>
      <input_file id="fl-f">
         <path>C:\ti\TivaWare_C_Series-2.2.0.295\driverlib\ccs\Debug\</path>
         <kind>archive</kind>
         <file>driverlib.lib</file>
         <name>interrupt.obj</name>
      </input_file>
      <input_file id="fl-10">
         <path>C:\ti\TivaWare_C_Series-2.2.0.295\driverlib\ccs\Debug\</path>
         <kind>archive</kind>
         <file>driverlib.lib</file>
         <name>sysctl.obj</name>
      </input_file>
      <input_file id="fl-11">
         <path>C:\ti\TivaWare_C_Series-2.2.0.295\driverlib\ccs\Debug\</path>
         <kind>archive</kind>
         <file>driverlib.lib</file>
         <name>uart.obj</name>
      </input_file>
      <input_file id="fl-12">
         <path>C:\ti\TivaWare_C_Series-2.2.0.295\driverlib\ccs\Debug\</path>
         <kind>archive</kind>
         <file>driverlib.lib</file>
         <name>cpu.obj</name>
      </input_file>
      <input_file id="fl-c8">
         <path>C:\ti\ccs1230\ccs\tools\compiler\ti-cgt-arm_20.2.7.LTS\lib\</path>
         <kind>archive</kind>
         <file>rtsv7M4_T_le_v4SPD16_eabi.lib</file>
         <name>copy_zero_init.c.obj</name>
      </input_file>
      <input_file id="fl-c9">
         <path>C:\ti\ccs1230\ccs\tools\compiler\ti-cgt-arm_20.2.7.LTS\lib\</path>
         <kind>archive</kind>
         <file>rtsv7M4_T_le_v4SPD16_eabi.lib</file>
         <name>copy_decompress_none.c.obj</name>
      </input_file>
      <input_file id="fl-ca">
         <path>C:\ti\ccs1230\ccs\tools\compiler\ti-cgt-arm_20.2.7.LTS\lib\</path>
         <kind>archive</kind>
         <file>rtsv7M4_T_le_v4SPD16_eabi.lib</file>
         <name>copy_decompress_lzss.c.obj</name>
      </input_file>
      <input_file id="fl-cb">
         <path>C:\ti\ccs1230\ccs\tools\compiler\ti-cgt-arm_20.2.7.LTS\lib\</path>
         <kind>archive</kind>
         <file>rtsv7M4_T_le_v4SPD16_eabi.lib</file>
         <name>boot_cortex_m.c.obj</name>
      </input_file>
      <input_file id="fl-cc">
         <path>C:\ti\ccs1230\ccs\tools\compiler\ti-cgt-arm_20.2.7.LTS\lib\</path>
         <kind>archive</kind>
         <file>rtsv7M4_T_le_v4SPD16_eabi.lib</file>
         <name>memcpy_t2.asm.obj</name>
      </input_file>
      <input_file id="fl-cd">
         <path>C:\ti\ccs1230\ccs\tools\compiler\ti-cgt-arm_20.2.7.LTS\lib\</path>
         <kind>archive</kind>
         <file>rtsv7M4_T_le_v4SPD16_eabi.lib</file>
         <name>memset_t2.asm.obj</name>
      </input_file>
      <input_file id="fl-ce">
         <path>C:\ti\ccs1230\ccs\tools\compiler\ti-cgt-arm_20.2.7.LTS\lib\</path>
         <kind>archive</kind>
         <file>rtsv7M4_T_le_v4SPD16_eabi.lib</file>
         <name>autoinit.c.obj</name>
      </input_file>
      <input_file id="fl-cf">
         <path>C:\ti\ccs1230\ccs\tools\compiler\ti-cgt-arm_20.2.7.LTS\lib\</path>
         <kind>archive</kind>
         <file>rtsv7M4_T_le_v4SPD16_eabi.lib</file>
         <name>pre_init.c.obj</name>
      </input_file>
      <input_file id="fl-d0">
         <path>C:\ti\ccs1230\ccs\tools\compiler\ti-cgt-arm_20.2.7.LTS\lib\</path>
         <kind>archive</kind>
         <file>rtsv7M4_T_le_v4SPD16_eabi.lib</file>
         <name>cpy_tbl.c.obj</name>
      </input_file>
      <input_file id="fl-d1">
         <path>C:\ti\ccs1230\ccs\tools\compiler\ti-cgt-arm_20.2.7.LTS\lib\</path>
         <kind>archive</kind>
         <file>rtsv7M4_T_le_v4SPD16_eabi.lib</file>
         <name>exit.c.obj</name>
      </input_file>
      <input_file id="fl-d2">
         <path>C:\ti\ccs1230\ccs\tools\compiler\ti-cgt-arm_20.2.7.LTS\lib\</path>
         <kind>archive</kind>
         <file>rtsv7M4_T_le_v4SPD16_eabi.lib</file>
         <name>_lock.c.obj</name>
      </input_file>
      <input_file id="fl-d3">
         <path>C:\ti\ccs1230\ccs\tools\compiler\ti-cgt-arm_20.2.7.LTS\lib\</path>
         <kind>archive</kind>
         <file>rtsv7M4_T_le_v4SPD16_eabi.lib</file>
         <name>args_main.c.obj</name>
      </input_file>
   </input_file_list>
   <object_component_list>
      <object_component id="oc-12">
         <name>.intvecs</name>
         <load_address>0x0</load_address>
         <run_address>0x0</run_address>
         <size>0x26c</size>
         <input_file_ref idref="fl-3"/>
      </object_component>
      <object_component id="oc-c3">
         <name>.text</name>
         <load_address>0x26c</load_address>
         <run_address>0x26c</run_address>
         <size>0x240</size>
         <input_file_ref idref="fl-4"/>
      </object_component>
      <object_component id="oc-11c">
         <name>.text</name>
         <load_address>0x4ac</load_address>
         <run_address>0x4ac</run_address>
         <size>0x188</size>
         <input_file_ref idref="fl-8"/>
      </object_component>
      <object_component id="oc-168">
         <name>.text:GPIOPadConfigSet</name>
         <load_address>0x634</load_address>
         <run_address>0x634</run_address>
         <size>0x16c</size>
         <input_file_ref idref="fl-e"/>
      </object_component>
      <object_component id="oc-1cb">
         <name>.text:SysCtlClockGet</name>
         <load_address>0x7a0</load_address>
         <run_address>0x7a0</run_address>
         <size>0x118</size>
         <input_file_ref idref="fl-10"/>
      </object_component>
      <object_component id="oc-10a">
         <name>.text</name>
         <load_address>0x8b8</load_address>
         <run_address>0x8b8</run_address>
         <size>0xbc</size>
         <input_file_ref idref="fl-5"/>
      </object_component>
      <object_component id="oc-3b">
         <name>.text</name>
         <load_address>0x974</load_address>
         <run_address>0x974</run_address>
         <size>0x9c</size>
         <input_file_ref idref="fl-cc"/>
      </object_component>
      <object_component id="oc-8f">
         <name>.text</name>
         <load_address>0xa10</load_address>
         <run_address>0xa10</run_address>
         <size>0x7a</size>
         <input_file_ref idref="fl-cd"/>
      </object_component>
      <object_component id="oc-180">
         <name>.text:IntEnable</name>
         <load_address>0xa8c</load_address>
         <run_address>0xa8c</run_address>
         <size>0x68</size>
         <input_file_ref idref="fl-f"/>
      </object_component>
      <object_component id="oc-15">
         <name>.text:decompress:lzss:__TI_decompress_lzss</name>
         <load_address>0xaf4</load_address>
         <run_address>0xaf4</run_address>
         <size>0x68</size>
         <input_file_ref idref="fl-ca"/>
      </object_component>
      <object_component id="oc-110">
         <name>.text</name>
         <load_address>0xb5c</load_address>
         <run_address>0xb5c</run_address>
         <size>0x5c</size>
         <input_file_ref idref="fl-6"/>
      </object_component>
      <object_component id="oc-162">
         <name>.text:GPIOIntTypeSet</name>
         <load_address>0xbb8</load_address>
         <run_address>0xbb8</run_address>
         <size>0x58</size>
         <input_file_ref idref="fl-e"/>
      </object_component>
      <object_component id="oc-1bf">
         <name>.text:GPIOPinConfigure</name>
         <load_address>0xc10</load_address>
         <run_address>0xc10</run_address>
         <size>0x4c</size>
         <input_file_ref idref="fl-e"/>
      </object_component>
      <object_component id="oc-1d1">
         <name>.text:UARTConfigSetExpClk</name>
         <load_address>0xc5c</load_address>
         <run_address>0xc5c</run_address>
         <size>0x46</size>
         <input_file_ref idref="fl-11"/>
      </object_component>
      <object_component id="oc-116">
         <name>.text</name>
         <load_address>0xca2</load_address>
         <run_address>0xca2</run_address>
         <size>0x46</size>
         <input_file_ref idref="fl-7"/>
      </object_component>
      <object_component id="oc-248">
         <name>.text:_GPIOIntNumberGet</name>
         <load_address>0xce8</load_address>
         <run_address>0xce8</run_address>
         <size>0x44</size>
         <input_file_ref idref="fl-e"/>
      </object_component>
      <object_component id="oc-d6">
         <name>.text:__TI_auto_init_nobinit_nopinit:__TI_auto_init_nobinit_nopinit</name>
         <load_address>0xd2c</load_address>
         <run_address>0xd2c</run_address>
         <size>0x44</size>
         <input_file_ref idref="fl-ce"/>
      </object_component>
      <object_component id="oc-282">
         <name>.text:_UARTIntNumberGet</name>
         <load_address>0xd70</load_address>
         <run_address>0xd70</run_address>
         <size>0x40</size>
         <input_file_ref idref="fl-11"/>
      </object_component>
      <object_component id="oc-156">
         <name>.text:SysCtlPeripheralReady</name>
         <load_address>0xdb0</load_address>
         <run_address>0xdb0</run_address>
         <size>0x38</size>
         <input_file_ref idref="fl-10"/>
      </object_component>
      <object_component id="oc-24e">
         <name>.text:IntRegister</name>
         <load_address>0xde8</load_address>
         <run_address>0xde8</run_address>
         <size>0x34</size>
         <input_file_ref idref="fl-f"/>
      </object_component>
      <object_component id="oc-150">
         <name>.text:SysCtlPeripheralEnable</name>
         <load_address>0xe1c</load_address>
         <run_address>0xe1c</run_address>
         <size>0x34</size>
         <input_file_ref idref="fl-10"/>
      </object_component>
      <object_component id="oc-59">
         <name>.text:_c_int00_noargs:_c_int00_noargs</name>
         <load_address>0xe50</load_address>
         <run_address>0xe50</run_address>
         <size>0x34</size>
         <input_file_ref idref="fl-cb"/>
      </object_component>
      <object_component id="oc-239">
         <name>.text:GPIODirModeSet</name>
         <load_address>0xe84</load_address>
         <run_address>0xe84</run_address>
         <size>0x2c</size>
         <input_file_ref idref="fl-e"/>
      </object_component>
      <object_component id="oc-16e">
         <name>.text:IntPrioritySet</name>
         <load_address>0xeb0</load_address>
         <run_address>0xeb0</run_address>
         <size>0x24</size>
         <input_file_ref idref="fl-f"/>
      </object_component>
      <object_component id="oc-274">
         <name>.text:UARTDisable</name>
         <load_address>0xed4</load_address>
         <run_address>0xed4</run_address>
         <size>0x20</size>
         <input_file_ref idref="fl-11"/>
      </object_component>
      <object_component id="oc-199">
         <name>.text:GPIOPinTypeGPIOOutput</name>
         <load_address>0xef4</load_address>
         <run_address>0xef4</run_address>
         <size>0x1a</size>
         <input_file_ref idref="fl-e"/>
      </object_component>
      <object_component id="oc-174">
         <name>.text:GPIOIntRegister</name>
         <load_address>0xf0e</load_address>
         <run_address>0xf0e</run_address>
         <size>0x18</size>
         <input_file_ref idref="fl-e"/>
      </object_component>
      <object_component id="oc-1dd">
         <name>.text:UARTIntRegister</name>
         <load_address>0xf26</load_address>
         <run_address>0xf26</run_address>
         <size>0x18</size>
         <input_file_ref idref="fl-11"/>
      </object_component>
      <object_component id="oc-15c">
         <name>.text:GPIOPinTypeGPIOInput</name>
         <load_address>0xf3e</load_address>
         <run_address>0xf3e</run_address>
         <size>0x16</size>
         <input_file_ref idref="fl-e"/>
      </object_component>
      <object_component id="oc-1c5">
         <name>.text:GPIOPinTypeUART</name>
         <load_address>0xf54</load_address>
         <run_address>0xf54</run_address>
         <size>0x16</size>
         <input_file_ref idref="fl-e"/>
      </object_component>
      <object_component id="oc-27a">
         <name>.text:UARTEnable</name>
         <load_address>0xf6a</load_address>
         <run_address>0xf6a</run_address>
         <size>0x14</size>
         <input_file_ref idref="fl-11"/>
      </object_component>
      <object_component id="oc-186">
         <name>.text:IntMasterEnable</name>
         <load_address>0xf7e</load_address>
         <run_address>0xf7e</run_address>
         <size>0x10</size>
         <input_file_ref idref="fl-f"/>
      </object_component>
      <object_component id="oc-18c">
         <name>.text:GPIOIntStatus</name>
         <load_address>0xf8e</load_address>
         <run_address>0xf8e</run_address>
         <size>0xe</size>
         <input_file_ref idref="fl-e"/>
      </object_component>
      <object_component id="oc-1a6">
         <name>.text:UARTCharsAvail</name>
         <load_address>0xf9c</load_address>
         <run_address>0xf9c</run_address>
         <size>0xe</size>
         <input_file_ref idref="fl-11"/>
      </object_component>
      <object_component id="oc-1b">
         <name>.text:decompress:none:__TI_decompress_none</name>
         <load_address>0xfaa</load_address>
         <run_address>0xfaa</run_address>
         <size>0xe</size>
         <input_file_ref idref="fl-c9"/>
      </object_component>
      <object_component id="oc-25a">
         <name>.text:CPUcpsie</name>
         <load_address>0xfb8</load_address>
         <run_address>0xfb8</run_address>
         <size>0xc</size>
         <input_file_ref idref="fl-12"/>
      </object_component>
      <object_component id="oc-17a">
         <name>.text:GPIOIntEnable</name>
         <load_address>0xfc4</load_address>
         <run_address>0xfc4</run_address>
         <size>0xc</size>
         <input_file_ref idref="fl-e"/>
      </object_component>
      <object_component id="oc-4d">
         <name>.text:decompress:ZI:__TI_zero_init</name>
         <load_address>0xfd0</load_address>
         <run_address>0xfd0</run_address>
         <size>0xc</size>
         <input_file_ref idref="fl-c8"/>
      </object_component>
      <object_component id="oc-9b">
         <name>.text</name>
         <load_address>0xfdc</load_address>
         <run_address>0xfdc</run_address>
         <size>0xc</size>
         <input_file_ref idref="fl-2"/>
      </object_component>
      <object_component id="oc-27">
         <name>.text</name>
         <load_address>0xfe8</load_address>
         <run_address>0xfe8</run_address>
         <size>0xc</size>
         <input_file_ref idref="fl-3"/>
      </object_component>
      <object_component id="oc-1ac">
         <name>.text:UARTCharGet</name>
         <load_address>0xff4</load_address>
         <run_address>0xff4</run_address>
         <size>0xa</size>
         <input_file_ref idref="fl-11"/>
      </object_component>
      <object_component id="oc-1b2">
         <name>.text:UARTCharPut</name>
         <load_address>0xffe</load_address>
         <run_address>0xffe</run_address>
         <size>0xa</size>
         <input_file_ref idref="fl-11"/>
      </object_component>
      <object_component id="oc-1e9">
         <name>.text:UARTIntStatus</name>
         <load_address>0x1008</load_address>
         <run_address>0x1008</run_address>
         <size>0xa</size>
         <input_file_ref idref="fl-11"/>
      </object_component>
      <object_component id="oc-1f5">
         <name>.text:UARTBusy</name>
         <load_address>0x1012</load_address>
         <run_address>0x1012</run_address>
         <size>0x8</size>
         <input_file_ref idref="fl-11"/>
      </object_component>
      <object_component id="oc-1e3">
         <name>.text:UARTIntEnable</name>
         <load_address>0x101a</load_address>
         <run_address>0x101a</run_address>
         <size>0x8</size>
         <input_file_ref idref="fl-11"/>
      </object_component>
      <object_component id="oc-192">
         <name>.text:GPIOIntClear</name>
         <load_address>0x1022</load_address>
         <run_address>0x1022</run_address>
         <size>0x6</size>
         <input_file_ref idref="fl-e"/>
      </object_component>
      <object_component id="oc-19f">
         <name>.text:GPIOPinWrite</name>
         <load_address>0x1028</load_address>
         <run_address>0x1028</run_address>
         <size>0x6</size>
         <input_file_ref idref="fl-e"/>
      </object_component>
      <object_component id="oc-1d7">
         <name>.text:UARTFIFOLevelSet</name>
         <load_address>0x102e</load_address>
         <run_address>0x102e</run_address>
         <size>0x6</size>
         <input_file_ref idref="fl-11"/>
      </object_component>
      <object_component id="oc-1ef">
         <name>.text:UARTIntClear</name>
         <load_address>0x1034</load_address>
         <run_address>0x1034</run_address>
         <size>0x4</size>
         <input_file_ref idref="fl-11"/>
      </object_component>
      <object_component id="oc-95">
         <name>.text:_system_pre_init</name>
         <load_address>0x1038</load_address>
         <run_address>0x1038</run_address>
         <size>0x4</size>
         <input_file_ref idref="fl-cf"/>
      </object_component>
      <object_component id="oc-ca">
         <name>.text:abort:abort</name>
         <load_address>0x103c</load_address>
         <run_address>0x103c</run_address>
         <size>0x4</size>
         <input_file_ref idref="fl-d1"/>
      </object_component>
      <object_component id="oc-2bd">
         <name>.const:g_ppui32GPIOIntMapSnowflake</name>
         <load_address>0x1040</load_address>
         <run_address>0x1040</run_address>
         <size>0xd8</size>
         <input_file_ref idref="fl-e"/>
      </object_component>
      <object_component id="oc-2ba">
         <name>.const:g_ppui32GPIOIntMapBlizzard</name>
         <load_address>0x1118</load_address>
         <run_address>0x1118</run_address>
         <size>0xc0</size>
         <input_file_ref idref="fl-e"/>
      </object_component>
      <object_component id="oc-243">
         <name>.const:g_pui32Regs</name>
         <load_address>0x11d8</load_address>
         <run_address>0x11d8</run_address>
         <size>0x9c</size>
         <input_file_ref idref="fl-f"/>
      </object_component>
      <object_component id="oc-26b">
         <name>.const:g_pui32GPIOBaseAddrs</name>
         <load_address>0x1274</load_address>
         <run_address>0x1274</run_address>
         <size>0x90</size>
         <input_file_ref idref="fl-e"/>
      </object_component>
      <object_component id="oc-270">
         <name>.const:g_pui32Xtals</name>
         <load_address>0x1304</load_address>
         <run_address>0x1304</run_address>
         <size>0x6c</size>
         <input_file_ref idref="fl-10"/>
      </object_component>
      <object_component id="oc-2d0">
         <name>.const:g_ppui32UARTIntMap</name>
         <load_address>0x1370</load_address>
         <run_address>0x1370</run_address>
         <size>0x40</size>
         <input_file_ref idref="fl-11"/>
      </object_component>
      <object_component id="oc-2d3">
         <name>.const:g_ppui32UARTIntMapSnowflake</name>
         <load_address>0x13b0</load_address>
         <run_address>0x13b0</run_address>
         <size>0x40</size>
         <input_file_ref idref="fl-11"/>
      </object_component>
      <object_component id="oc-203">
         <name>.const:.string</name>
         <load_address>0x13f0</load_address>
         <run_address>0x13f0</run_address>
         <size>0x38</size>
         <input_file_ref idref="fl-4"/>
      </object_component>
      <object_component id="oc-256">
         <name>.const:g_pui32EnRegs</name>
         <load_address>0x1428</load_address>
         <run_address>0x1428</run_address>
         <size>0x14</size>
         <input_file_ref idref="fl-f"/>
      </object_component>
      <object_component id="oc-30d">
         <name>.cinit..data.load</name>
         <load_address>0x1440</load_address>
         <run_address>0x1440</run_address>
         <size>0x10</size>
      </object_component>
      <object_component id="oc-30a">
         <name>__TI_handler_table</name>
         <load_address>0x1450</load_address>
         <run_address>0x1450</run_address>
         <size>0xc</size>
      </object_component>
      <object_component id="oc-30e">
         <name>.cinit..bss.load</name>
         <load_address>0x1460</load_address>
         <run_address>0x1460</run_address>
         <size>0x8</size>
      </object_component>
      <object_component id="oc-30c">
         <name>.cinit..vtable.load</name>
         <load_address>0x1468</load_address>
         <run_address>0x1468</run_address>
         <size>0x8</size>
      </object_component>
      <object_component id="oc-30b">
         <name>__TI_cinit_table</name>
         <load_address>0x1470</load_address>
         <run_address>0x1470</run_address>
         <size>0x18</size>
      </object_component>
      <object_component id="oc-2c1">
         <name>.vtable</name>
         <uninitialized>true</uninitialized>
         <run_address>0x20000000</run_address>
         <size>0x26c</size>
         <input_file_ref idref="fl-f"/>
      </object_component>
      <object_component id="oc-125">
         <name>.data</name>
         <load_address>0x2000060c</load_address>
         <run_address>0x2000060c</run_address>
         <size>0x8</size>
         <input_file_ref idref="fl-4"/>
      </object_component>
      <object_component id="oc-122">
         <name>.data</name>
         <load_address>0x2000060a</load_address>
         <run_address>0x2000060a</run_address>
         <size>0x1</size>
         <input_file_ref idref="fl-5"/>
      </object_component>
      <object_component id="oc-128">
         <name>.data</name>
         <load_address>0x20000600</load_address>
         <run_address>0x20000600</run_address>
         <size>0xa</size>
         <input_file_ref idref="fl-8"/>
      </object_component>
      <object_component id="oc-12b">
         <name>.common:U0_receivedData</name>
         <uninitialized>true</uninitialized>
         <run_address>0x20000470</run_address>
         <size>0xc8</size>
      </object_component>
      <object_component id="oc-12e">
         <name>.common:U7_receivedData</name>
         <uninitialized>true</uninitialized>
         <run_address>0x20000538</run_address>
         <size>0xc8</size>
      </object_component>
      <object_component id="oc-24">
         <name>.stack</name>
         <uninitialized>true</uninitialized>
         <run_address>0x20000270</run_address>
         <size>0x4</size>
         <input_file_ref idref="fl-cb"/>
      </object_component>
      <object_component id="oc-310">
         <name>.stack</name>
         <uninitialized>true</uninitialized>
         <run_address>0x20000270</run_address>
         <size>0x0</size>
      </object_component>
      <object_component id="oc-b2">
         <name>.debug_info</name>
         <load_address>0x0</load_address>
         <run_address>0x0</run_address>
         <size>0x284</size>
         <input_file_ref idref="fl-2"/>
      </object_component>
      <object_component id="oc-9c">
         <name>.debug_info</name>
         <load_address>0x284</load_address>
         <run_address>0x284</run_address>
         <size>0x102</size>
         <input_file_ref idref="fl-2"/>
      </object_component>
      <object_component id="oc-1fe">
         <name>.debug_info</name>
         <load_address>0x386</load_address>
         <run_address>0x386</run_address>
         <size>0x51</size>
         <input_file_ref idref="fl-2"/>
      </object_component>
      <object_component id="oc-206">
         <name>.debug_info</name>
         <load_address>0x3d7</load_address>
         <run_address>0x3d7</run_address>
         <size>0x51</size>
         <input_file_ref idref="fl-2"/>
      </object_component>
      <object_component id="oc-70">
         <name>.debug_info</name>
         <load_address>0x428</load_address>
         <run_address>0x428</run_address>
         <size>0x26b</size>
         <input_file_ref idref="fl-2"/>
      </object_component>
      <object_component id="oc-36">
         <name>.debug_info</name>
         <load_address>0x693</load_address>
         <run_address>0x693</run_address>
         <size>0x84</size>
         <input_file_ref idref="fl-2"/>
      </object_component>
      <object_component id="oc-ad">
         <name>.debug_info</name>
         <load_address>0x717</load_address>
         <run_address>0x717</run_address>
         <size>0x2a4</size>
         <input_file_ref idref="fl-2"/>
      </object_component>
      <object_component id="oc-75">
         <name>.debug_info</name>
         <load_address>0x9bb</load_address>
         <run_address>0x9bb</run_address>
         <size>0xbb</size>
         <input_file_ref idref="fl-2"/>
      </object_component>
      <object_component id="oc-2f">
         <name>.debug_info</name>
         <load_address>0xa76</load_address>
         <run_address>0xa76</run_address>
         <size>0x2a4</size>
         <input_file_ref idref="fl-3"/>
      </object_component>
      <object_component id="oc-13">
         <name>.debug_info</name>
         <load_address>0xd1a</load_address>
         <run_address>0xd1a</run_address>
         <size>0xe3</size>
         <input_file_ref idref="fl-3"/>
      </object_component>
      <object_component id="oc-2a">
         <name>.debug_info</name>
         <load_address>0xdfd</load_address>
         <run_address>0xdfd</run_address>
         <size>0x25f</size>
         <input_file_ref idref="fl-3"/>
      </object_component>
      <object_component id="oc-20b">
         <name>.debug_info</name>
         <load_address>0x105c</load_address>
         <run_address>0x105c</run_address>
         <size>0x595</size>
         <input_file_ref idref="fl-4"/>
      </object_component>
      <object_component id="oc-126">
         <name>.debug_info</name>
         <load_address>0x15f1</load_address>
         <run_address>0x15f1</run_address>
         <size>0xec</size>
         <input_file_ref idref="fl-4"/>
      </object_component>
      <object_component id="oc-c4">
         <name>.debug_info</name>
         <load_address>0x16dd</load_address>
         <run_address>0x16dd</run_address>
         <size>0x4c5</size>
         <input_file_ref idref="fl-4"/>
      </object_component>
      <object_component id="oc-1b9">
         <name>.debug_info</name>
         <load_address>0x1ba2</load_address>
         <run_address>0x1ba2</run_address>
         <size>0x8b</size>
         <input_file_ref idref="fl-4"/>
      </object_component>
      <object_component id="oc-123">
         <name>.debug_info</name>
         <load_address>0x1c2d</load_address>
         <run_address>0x1c2d</run_address>
         <size>0xca</size>
         <input_file_ref idref="fl-5"/>
      </object_component>
      <object_component id="oc-10d">
         <name>.debug_info</name>
         <load_address>0x1cf7</load_address>
         <run_address>0x1cf7</run_address>
         <size>0x2ac</size>
         <input_file_ref idref="fl-5"/>
      </object_component>
      <object_component id="oc-113">
         <name>.debug_info</name>
         <load_address>0x1fa3</load_address>
         <run_address>0x1fa3</run_address>
         <size>0x2e4</size>
         <input_file_ref idref="fl-6"/>
      </object_component>
      <object_component id="oc-1be">
         <name>.debug_info</name>
         <load_address>0x2287</load_address>
         <run_address>0x2287</run_address>
         <size>0x358</size>
         <input_file_ref idref="fl-7"/>
      </object_component>
      <object_component id="oc-119">
         <name>.debug_info</name>
         <load_address>0x25df</load_address>
         <run_address>0x25df</run_address>
         <size>0x438</size>
         <input_file_ref idref="fl-7"/>
      </object_component>
      <object_component id="oc-12c">
         <name>.debug_info</name>
         <load_address>0x2a17</load_address>
         <run_address>0x2a17</run_address>
         <size>0x5ca</size>
         <input_file_ref idref="fl-8"/>
      </object_component>
      <object_component id="oc-129">
         <name>.debug_info</name>
         <load_address>0x2fe1</load_address>
         <run_address>0x2fe1</run_address>
         <size>0x140</size>
         <input_file_ref idref="fl-8"/>
      </object_component>
      <object_component id="oc-11e">
         <name>.debug_info</name>
         <load_address>0x3121</load_address>
         <run_address>0x3121</run_address>
         <size>0x645</size>
         <input_file_ref idref="fl-8"/>
      </object_component>
      <object_component id="oc-240">
         <name>.debug_info</name>
         <load_address>0x3766</load_address>
         <run_address>0x3766</run_address>
         <size>0x3e4</size>
         <input_file_ref idref="fl-e"/>
      </object_component>
      <object_component id="oc-2bb">
         <name>.debug_info</name>
         <load_address>0x3b4a</load_address>
         <run_address>0x3b4a</run_address>
         <size>0x170</size>
         <input_file_ref idref="fl-e"/>
      </object_component>
      <object_component id="oc-2be">
         <name>.debug_info</name>
         <load_address>0x3cba</load_address>
         <run_address>0x3cba</run_address>
         <size>0x172</size>
         <input_file_ref idref="fl-e"/>
      </object_component>
      <object_component id="oc-26c">
         <name>.debug_info</name>
         <load_address>0x3e2c</load_address>
         <run_address>0x3e2c</run_address>
         <size>0x164</size>
         <input_file_ref idref="fl-e"/>
      </object_component>
      <object_component id="oc-1a2">
         <name>.debug_info</name>
         <load_address>0x3f90</load_address>
         <run_address>0x3f90</run_address>
         <size>0x2ac</size>
         <input_file_ref idref="fl-e"/>
      </object_component>
      <object_component id="oc-23c">
         <name>.debug_info</name>
         <load_address>0x423c</load_address>
         <run_address>0x423c</run_address>
         <size>0x2bc</size>
         <input_file_ref idref="fl-e"/>
      </object_component>
      <object_component id="oc-16b">
         <name>.debug_info</name>
         <load_address>0x44f8</load_address>
         <run_address>0x44f8</run_address>
         <size>0x31f</size>
         <input_file_ref idref="fl-e"/>
      </object_component>
      <object_component id="oc-1c7">
         <name>.debug_info</name>
         <load_address>0x4817</load_address>
         <run_address>0x4817</run_address>
         <size>0x29b</size>
         <input_file_ref idref="fl-e"/>
      </object_component>
      <object_component id="oc-19b">
         <name>.debug_info</name>
         <load_address>0x4ab2</load_address>
         <run_address>0x4ab2</run_address>
         <size>0x2c0</size>
         <input_file_ref idref="fl-e"/>
      </object_component>
      <object_component id="oc-15e">
         <name>.debug_info</name>
         <load_address>0x4d72</load_address>
         <run_address>0x4d72</run_address>
         <size>0x2a5</size>
         <input_file_ref idref="fl-e"/>
      </object_component>
      <object_component id="oc-1c1">
         <name>.debug_info</name>
         <load_address>0x5017</load_address>
         <run_address>0x5017</run_address>
         <size>0x289</size>
         <input_file_ref idref="fl-e"/>
      </object_component>
      <object_component id="oc-24a">
         <name>.debug_info</name>
         <load_address>0x52a0</load_address>
         <run_address>0x52a0</run_address>
         <size>0x2a1</size>
         <input_file_ref idref="fl-e"/>
      </object_component>
      <object_component id="oc-164">
         <name>.debug_info</name>
         <load_address>0x5541</load_address>
         <run_address>0x5541</run_address>
         <size>0x2c4</size>
         <input_file_ref idref="fl-e"/>
      </object_component>
      <object_component id="oc-18e">
         <name>.debug_info</name>
         <load_address>0x5805</load_address>
         <run_address>0x5805</run_address>
         <size>0x288</size>
         <input_file_ref idref="fl-e"/>
      </object_component>
      <object_component id="oc-176">
         <name>.debug_info</name>
         <load_address>0x5a8d</load_address>
         <run_address>0x5a8d</run_address>
         <size>0x2d8</size>
         <input_file_ref idref="fl-e"/>
      </object_component>
      <object_component id="oc-17c">
         <name>.debug_info</name>
         <load_address>0x5d65</load_address>
         <run_address>0x5d65</run_address>
         <size>0x298</size>
         <input_file_ref idref="fl-e"/>
      </object_component>
      <object_component id="oc-195">
         <name>.debug_info</name>
         <load_address>0x5ffd</load_address>
         <run_address>0x5ffd</run_address>
         <size>0x296</size>
         <input_file_ref idref="fl-e"/>
      </object_component>
      <object_component id="oc-2ae">
         <name>.debug_info</name>
         <load_address>0x6293</load_address>
         <run_address>0x6293</run_address>
         <size>0x26b</size>
         <input_file_ref idref="fl-e"/>
      </object_component>
      <object_component id="oc-29e">
         <name>.debug_info</name>
         <load_address>0x64fe</load_address>
         <run_address>0x64fe</run_address>
         <size>0x297</size>
         <input_file_ref idref="fl-e"/>
      </object_component>
      <object_component id="oc-2a9">
         <name>.debug_info</name>
         <load_address>0x6795</load_address>
         <run_address>0x6795</run_address>
         <size>0xef</size>
         <input_file_ref idref="fl-e"/>
      </object_component>
      <object_component id="oc-232">
         <name>.debug_info</name>
         <load_address>0x6884</load_address>
         <run_address>0x6884</run_address>
         <size>0xbb</size>
         <input_file_ref idref="fl-e"/>
      </object_component>
      <object_component id="oc-247">
         <name>.debug_info</name>
         <load_address>0x693f</load_address>
         <run_address>0x693f</run_address>
         <size>0x3b7</size>
         <input_file_ref idref="fl-f"/>
      </object_component>
      <object_component id="oc-244">
         <name>.debug_info</name>
         <load_address>0x6cf6</load_address>
         <run_address>0x6cf6</run_address>
         <size>0x157</size>
         <input_file_ref idref="fl-f"/>
      </object_component>
      <object_component id="oc-257">
         <name>.debug_info</name>
         <load_address>0x6e4d</load_address>
         <run_address>0x6e4d</run_address>
         <size>0x15b</size>
         <input_file_ref idref="fl-f"/>
      </object_component>
      <object_component id="oc-2c2">
         <name>.debug_info</name>
         <load_address>0x6fa8</load_address>
         <run_address>0x6fa8</run_address>
         <size>0x160</size>
         <input_file_ref idref="fl-f"/>
      </object_component>
      <object_component id="oc-24f">
         <name>.debug_info</name>
         <load_address>0x7108</load_address>
         <run_address>0x7108</run_address>
         <size>0x2ca</size>
         <input_file_ref idref="fl-f"/>
      </object_component>
      <object_component id="oc-16f">
         <name>.debug_info</name>
         <load_address>0x73d2</load_address>
         <run_address>0x73d2</run_address>
         <size>0x2d2</size>
         <input_file_ref idref="fl-f"/>
      </object_component>
      <object_component id="oc-187">
         <name>.debug_info</name>
         <load_address>0x76a4</load_address>
         <run_address>0x76a4</run_address>
         <size>0x247</size>
         <input_file_ref idref="fl-f"/>
      </object_component>
      <object_component id="oc-181">
         <name>.debug_info</name>
         <load_address>0x78eb</load_address>
         <run_address>0x78eb</run_address>
         <size>0x271</size>
         <input_file_ref idref="fl-f"/>
      </object_component>
      <object_component id="oc-237">
         <name>.debug_info</name>
         <load_address>0x7b5c</load_address>
         <run_address>0x7b5c</run_address>
         <size>0x441</size>
         <input_file_ref idref="fl-10"/>
      </object_component>
      <object_component id="oc-271">
         <name>.debug_info</name>
         <load_address>0x7f9d</load_address>
         <run_address>0x7f9d</run_address>
         <size>0x156</size>
         <input_file_ref idref="fl-10"/>
      </object_component>
      <object_component id="oc-157">
         <name>.debug_info</name>
         <load_address>0x80f3</load_address>
         <run_address>0x80f3</run_address>
         <size>0x288</size>
         <input_file_ref idref="fl-10"/>
      </object_component>
      <object_component id="oc-151">
         <name>.debug_info</name>
         <load_address>0x837b</load_address>
         <run_address>0x837b</run_address>
         <size>0x286</size>
         <input_file_ref idref="fl-10"/>
      </object_component>
      <object_component id="oc-1cc">
         <name>.debug_info</name>
         <load_address>0x8601</load_address>
         <run_address>0x8601</run_address>
         <size>0x2be</size>
         <input_file_ref idref="fl-10"/>
      </object_component>
      <object_component id="oc-2a5">
         <name>.debug_info</name>
         <load_address>0x88bf</load_address>
         <run_address>0x88bf</run_address>
         <size>0x51</size>
         <input_file_ref idref="fl-10"/>
      </object_component>
      <object_component id="oc-266">
         <name>.debug_info</name>
         <load_address>0x8910</load_address>
         <run_address>0x8910</run_address>
         <size>0x3cb</size>
         <input_file_ref idref="fl-11"/>
      </object_component>
      <object_component id="oc-2d1">
         <name>.debug_info</name>
         <load_address>0x8cdb</load_address>
         <run_address>0x8cdb</run_address>
         <size>0x160</size>
         <input_file_ref idref="fl-11"/>
      </object_component>
      <object_component id="oc-2d4">
         <name>.debug_info</name>
         <load_address>0x8e3b</load_address>
         <run_address>0x8e3b</run_address>
         <size>0x172</size>
         <input_file_ref idref="fl-11"/>
      </object_component>
      <object_component id="oc-283">
         <name>.debug_info</name>
         <load_address>0x8fad</load_address>
         <run_address>0x8fad</run_address>
         <size>0x287</size>
         <input_file_ref idref="fl-11"/>
      </object_component>
      <object_component id="oc-1ea">
         <name>.debug_info</name>
         <load_address>0x9234</load_address>
         <run_address>0x9234</run_address>
         <size>0x288</size>
         <input_file_ref idref="fl-11"/>
      </object_component>
      <object_component id="oc-1de">
         <name>.debug_info</name>
         <load_address>0x94bc</load_address>
         <run_address>0x94bc</run_address>
         <size>0x2cc</size>
         <input_file_ref idref="fl-11"/>
      </object_component>
      <object_component id="oc-1e4">
         <name>.debug_info</name>
         <load_address>0x9788</load_address>
         <run_address>0x9788</run_address>
         <size>0x298</size>
         <input_file_ref idref="fl-11"/>
      </object_component>
      <object_component id="oc-1f0">
         <name>.debug_info</name>
         <load_address>0x9a20</load_address>
         <run_address>0x9a20</run_address>
         <size>0x296</size>
         <input_file_ref idref="fl-11"/>
      </object_component>
      <object_component id="oc-1d9">
         <name>.debug_info</name>
         <load_address>0x9cb6</load_address>
         <run_address>0x9cb6</run_address>
         <size>0x2d8</size>
         <input_file_ref idref="fl-11"/>
      </object_component>
      <object_component id="oc-27b">
         <name>.debug_info</name>
         <load_address>0x9f8e</load_address>
         <run_address>0x9f8e</run_address>
         <size>0x250</size>
         <input_file_ref idref="fl-11"/>
      </object_component>
      <object_component id="oc-275">
         <name>.debug_info</name>
         <load_address>0xa1de</load_address>
         <run_address>0xa1de</run_address>
         <size>0x252</size>
         <input_file_ref idref="fl-11"/>
      </object_component>
      <object_component id="oc-1d2">
         <name>.debug_info</name>
         <load_address>0xa430</load_address>
         <run_address>0xa430</run_address>
         <size>0x32f</size>
         <input_file_ref idref="fl-11"/>
      </object_component>
      <object_component id="oc-1a7">
         <name>.debug_info</name>
         <load_address>0xa75f</load_address>
         <run_address>0xa75f</run_address>
         <size>0x25c</size>
         <input_file_ref idref="fl-11"/>
      </object_component>
      <object_component id="oc-1b3">
         <name>.debug_info</name>
         <load_address>0xa9bb</load_address>
         <run_address>0xa9bb</run_address>
         <size>0x27c</size>
         <input_file_ref idref="fl-11"/>
      </object_component>
      <object_component id="oc-1ad">
         <name>.debug_info</name>
         <load_address>0xac37</load_address>
         <run_address>0xac37</run_address>
         <size>0x256</size>
         <input_file_ref idref="fl-11"/>
      </object_component>
      <object_component id="oc-1f6">
         <name>.debug_info</name>
         <load_address>0xae8d</load_address>
         <run_address>0xae8d</run_address>
         <size>0x250</size>
         <input_file_ref idref="fl-11"/>
      </object_component>
      <object_component id="oc-25c">
         <name>.debug_info</name>
         <load_address>0xb0dd</load_address>
         <run_address>0xb0dd</run_address>
         <size>0x21b</size>
         <input_file_ref idref="fl-12"/>
      </object_component>
      <object_component id="oc-8e">
         <name>.debug_info</name>
         <load_address>0xb2f8</load_address>
         <run_address>0xb2f8</run_address>
         <size>0x2d4</size>
         <input_file_ref idref="fl-c8"/>
      </object_component>
      <object_component id="oc-51">
         <name>.debug_info</name>
         <load_address>0xb5cc</load_address>
         <run_address>0xb5cc</run_address>
         <size>0x1b5</size>
         <input_file_ref idref="fl-c8"/>
      </object_component>
      <object_component id="oc-89">
         <name>.debug_info</name>
         <load_address>0xb781</load_address>
         <run_address>0xb781</run_address>
         <size>0x46</size>
         <input_file_ref idref="fl-c8"/>
      </object_component>
      <object_component id="oc-ba">
         <name>.debug_info</name>
         <load_address>0xb7c7</load_address>
         <run_address>0xb7c7</run_address>
         <size>0x2c</size>
         <input_file_ref idref="fl-c8"/>
      </object_component>
      <object_component id="oc-46">
         <name>.debug_info</name>
         <load_address>0xb7f3</load_address>
         <run_address>0xb7f3</run_address>
         <size>0x2a8</size>
         <input_file_ref idref="fl-c9"/>
      </object_component>
      <object_component id="oc-1d">
         <name>.debug_info</name>
         <load_address>0xba9b</load_address>
         <run_address>0xba9b</run_address>
         <size>0x1ea</size>
         <input_file_ref idref="fl-c9"/>
      </object_component>
      <object_component id="oc-41">
         <name>.debug_info</name>
         <load_address>0xbc85</load_address>
         <run_address>0xbc85</run_address>
         <size>0x46</size>
         <input_file_ref idref="fl-c9"/>
      </object_component>
      <object_component id="oc-81">
         <name>.debug_info</name>
         <load_address>0xbccb</load_address>
         <run_address>0xbccb</run_address>
         <size>0x2c</size>
         <input_file_ref idref="fl-c9"/>
      </object_component>
      <object_component id="oc-7f">
         <name>.debug_info</name>
         <load_address>0xbcf7</load_address>
         <run_address>0xbcf7</run_address>
         <size>0x29e</size>
         <input_file_ref idref="fl-ca"/>
      </object_component>
      <object_component id="oc-17">
         <name>.debug_info</name>
         <load_address>0xbf95</load_address>
         <run_address>0xbf95</run_address>
         <size>0x250</size>
         <input_file_ref idref="fl-ca"/>
      </object_component>
      <object_component id="oc-31">
         <name>.debug_info</name>
         <load_address>0xc1e5</load_address>
         <run_address>0xc1e5</run_address>
         <size>0x60</size>
         <input_file_ref idref="fl-ca"/>
      </object_component>
      <object_component id="oc-b3">
         <name>.debug_info</name>
         <load_address>0xc245</load_address>
         <run_address>0xc245</run_address>
         <size>0x46</size>
         <input_file_ref idref="fl-ca"/>
      </object_component>
      <object_component id="oc-7a">
         <name>.debug_info</name>
         <load_address>0xc28b</load_address>
         <run_address>0xc28b</run_address>
         <size>0x39</size>
         <input_file_ref idref="fl-ca"/>
      </object_component>
      <object_component id="oc-25">
         <name>.debug_info</name>
         <load_address>0xc2c4</load_address>
         <run_address>0xc2c4</run_address>
         <size>0x10b</size>
         <input_file_ref idref="fl-cb"/>
      </object_component>
      <object_component id="oc-5b">
         <name>.debug_info</name>
         <load_address>0xc3cf</load_address>
         <run_address>0xc3cf</run_address>
         <size>0x1a9</size>
         <input_file_ref idref="fl-cb"/>
      </object_component>
      <object_component id="oc-3d">
         <name>.debug_info</name>
         <load_address>0xc578</load_address>
         <run_address>0xc578</run_address>
         <size>0x119</size>
         <input_file_ref idref="fl-cc"/>
      </object_component>
      <object_component id="oc-92">
         <name>.debug_info</name>
         <load_address>0xc691</load_address>
         <run_address>0xc691</run_address>
         <size>0x147</size>
         <input_file_ref idref="fl-cd"/>
      </object_component>
      <object_component id="oc-13b">
         <name>.debug_info</name>
         <load_address>0xc7d8</load_address>
         <run_address>0xc7d8</run_address>
         <size>0x4b3</size>
         <input_file_ref idref="fl-ce"/>
      </object_component>
      <object_component id="oc-d7">
         <name>.debug_info</name>
         <load_address>0xcc8b</load_address>
         <run_address>0xcc8b</run_address>
         <size>0x1a6</size>
         <input_file_ref idref="fl-ce"/>
      </object_component>
      <object_component id="oc-220">
         <name>.debug_info</name>
         <load_address>0xce31</load_address>
         <run_address>0xce31</run_address>
         <size>0x39</size>
         <input_file_ref idref="fl-ce"/>
      </object_component>
      <object_component id="oc-292">
         <name>.debug_info</name>
         <load_address>0xce6a</load_address>
         <run_address>0xce6a</run_address>
         <size>0x39</size>
         <input_file_ref idref="fl-ce"/>
      </object_component>
      <object_component id="oc-225">
         <name>.debug_info</name>
         <load_address>0xcea3</load_address>
         <run_address>0xcea3</run_address>
         <size>0x39</size>
         <input_file_ref idref="fl-ce"/>
      </object_component>
      <object_component id="oc-22a">
         <name>.debug_info</name>
         <load_address>0xcedc</load_address>
         <run_address>0xcedc</run_address>
         <size>0xcd</size>
         <input_file_ref idref="fl-ce"/>
      </object_component>
      <object_component id="oc-98">
         <name>.debug_info</name>
         <load_address>0xcfa9</load_address>
         <run_address>0xcfa9</run_address>
         <size>0x153</size>
         <input_file_ref idref="fl-cf"/>
      </object_component>
      <object_component id="oc-cc">
         <name>.debug_info</name>
         <load_address>0xd0fc</load_address>
         <run_address>0xd0fc</run_address>
         <size>0x122</size>
         <input_file_ref idref="fl-d1"/>
      </object_component>
      <object_component id="oc-311">
         <name>.debug_info</name>
         <load_address>0xd21e</load_address>
         <run_address>0xd21e</run_address>
         <size>0x96</size>
      </object_component>
      <object_component id="oc-109">
         <name>.debug_line</name>
         <load_address>0x0</load_address>
         <run_address>0x0</run_address>
         <size>0x54</size>
         <input_file_ref idref="fl-2"/>
      </object_component>
      <object_component id="oc-9f">
         <name>.debug_line</name>
         <load_address>0x54</load_address>
         <run_address>0x54</run_address>
         <size>0x48</size>
         <input_file_ref idref="fl-2"/>
      </object_component>
      <object_component id="oc-201">
         <name>.debug_line</name>
         <load_address>0x9c</load_address>
         <run_address>0x9c</run_address>
         <size>0x53</size>
         <input_file_ref idref="fl-2"/>
      </object_component>
      <object_component id="oc-209">
         <name>.debug_line</name>
         <load_address>0xef</load_address>
         <run_address>0xef</run_address>
         <size>0x54</size>
         <input_file_ref idref="fl-2"/>
      </object_component>
      <object_component id="oc-73">
         <name>.debug_line</name>
         <load_address>0x143</load_address>
         <run_address>0x143</run_address>
         <size>0x6f</size>
         <input_file_ref idref="fl-2"/>
      </object_component>
      <object_component id="oc-39">
         <name>.debug_line</name>
         <load_address>0x1b2</load_address>
         <run_address>0x1b2</run_address>
         <size>0x20</size>
         <input_file_ref idref="fl-2"/>
      </object_component>
      <object_component id="oc-b0">
         <name>.debug_line</name>
         <load_address>0x1d2</load_address>
         <run_address>0x1d2</run_address>
         <size>0x73</size>
         <input_file_ref idref="fl-2"/>
      </object_component>
      <object_component id="oc-78">
         <name>.debug_line</name>
         <load_address>0x245</load_address>
         <run_address>0x245</run_address>
         <size>0x70</size>
         <input_file_ref idref="fl-2"/>
      </object_component>
      <object_component id="oc-6f">
         <name>.debug_line</name>
         <load_address>0x2b5</load_address>
         <run_address>0x2b5</run_address>
         <size>0x41</size>
         <input_file_ref idref="fl-3"/>
      </object_component>
      <object_component id="oc-2e">
         <name>.debug_line</name>
         <load_address>0x2f6</load_address>
         <run_address>0x2f6</run_address>
         <size>0x41</size>
         <input_file_ref idref="fl-3"/>
      </object_component>
      <object_component id="oc-29">
         <name>.debug_line</name>
         <load_address>0x337</load_address>
         <run_address>0x337</run_address>
         <size>0xa1</size>
         <input_file_ref idref="fl-3"/>
      </object_component>
      <object_component id="oc-28e">
         <name>.debug_line</name>
         <load_address>0x3d8</load_address>
         <run_address>0x3d8</run_address>
         <size>0xec</size>
         <input_file_ref idref="fl-4"/>
      </object_component>
      <object_component id="oc-205">
         <name>.debug_line</name>
         <load_address>0x4c4</load_address>
         <run_address>0x4c4</run_address>
         <size>0x35</size>
         <input_file_ref idref="fl-4"/>
      </object_component>
      <object_component id="oc-c7">
         <name>.debug_line</name>
         <load_address>0x4f9</load_address>
         <run_address>0x4f9</run_address>
         <size>0x13b</size>
         <input_file_ref idref="fl-4"/>
      </object_component>
      <object_component id="oc-1bc">
         <name>.debug_line</name>
         <load_address>0x634</load_address>
         <run_address>0x634</run_address>
         <size>0x20</size>
         <input_file_ref idref="fl-4"/>
      </object_component>
      <object_component id="oc-1fd">
         <name>.debug_line</name>
         <load_address>0x654</load_address>
         <run_address>0x654</run_address>
         <size>0x34</size>
         <input_file_ref idref="fl-5"/>
      </object_component>
      <object_component id="oc-10b">
         <name>.debug_line</name>
         <load_address>0x688</load_address>
         <run_address>0x688</run_address>
         <size>0x80</size>
         <input_file_ref idref="fl-5"/>
      </object_component>
      <object_component id="oc-112">
         <name>.debug_line</name>
         <load_address>0x708</load_address>
         <run_address>0x708</run_address>
         <size>0xb1</size>
         <input_file_ref idref="fl-6"/>
      </object_component>
      <object_component id="oc-26a">
         <name>.debug_line</name>
         <load_address>0x7b9</load_address>
         <run_address>0x7b9</run_address>
         <size>0x67</size>
         <input_file_ref idref="fl-7"/>
      </object_component>
      <object_component id="oc-11b">
         <name>.debug_line</name>
         <load_address>0x820</load_address>
         <run_address>0x820</run_address>
         <size>0xb4</size>
         <input_file_ref idref="fl-7"/>
      </object_component>
      <object_component id="oc-20f">
         <name>.debug_line</name>
         <load_address>0x8d4</load_address>
         <run_address>0x8d4</run_address>
         <size>0x110</size>
         <input_file_ref idref="fl-8"/>
      </object_component>
      <object_component id="oc-20d">
         <name>.debug_line</name>
         <load_address>0x9e4</load_address>
         <run_address>0x9e4</run_address>
         <size>0x31</size>
         <input_file_ref idref="fl-8"/>
      </object_component>
      <object_component id="oc-120">
         <name>.debug_line</name>
         <load_address>0xa15</load_address>
         <run_address>0xa15</run_address>
         <size>0x11c</size>
         <input_file_ref idref="fl-8"/>
      </object_component>
      <object_component id="oc-2b5">
         <name>.debug_line</name>
         <load_address>0xb31</load_address>
         <run_address>0xb31</run_address>
         <size>0x82</size>
         <input_file_ref idref="fl-e"/>
      </object_component>
      <object_component id="oc-2d8">
         <name>.debug_line</name>
         <load_address>0xbb3</load_address>
         <run_address>0xbb3</run_address>
         <size>0x7d</size>
         <input_file_ref idref="fl-e"/>
      </object_component>
      <object_component id="oc-2da">
         <name>.debug_line</name>
         <load_address>0xc30</load_address>
         <run_address>0xc30</run_address>
         <size>0x7d</size>
         <input_file_ref idref="fl-e"/>
      </object_component>
      <object_component id="oc-2cb">
         <name>.debug_line</name>
         <load_address>0xcad</load_address>
         <run_address>0xcad</run_address>
         <size>0x7d</size>
         <input_file_ref idref="fl-e"/>
      </object_component>
      <object_component id="oc-1a1">
         <name>.debug_line</name>
         <load_address>0xd2a</load_address>
         <run_address>0xd2a</run_address>
         <size>0x92</size>
         <input_file_ref idref="fl-e"/>
      </object_component>
      <object_component id="oc-23b">
         <name>.debug_line</name>
         <load_address>0xdbc</load_address>
         <run_address>0xdbc</run_address>
         <size>0x95</size>
         <input_file_ref idref="fl-e"/>
      </object_component>
      <object_component id="oc-16a">
         <name>.debug_line</name>
         <load_address>0xe51</load_address>
         <run_address>0xe51</run_address>
         <size>0xc4</size>
         <input_file_ref idref="fl-e"/>
      </object_component>
      <object_component id="oc-1c6">
         <name>.debug_line</name>
         <load_address>0xf15</load_address>
         <run_address>0xf15</run_address>
         <size>0x99</size>
         <input_file_ref idref="fl-e"/>
      </object_component>
      <object_component id="oc-19a">
         <name>.debug_line</name>
         <load_address>0xfae</load_address>
         <run_address>0xfae</run_address>
         <size>0x99</size>
         <input_file_ref idref="fl-e"/>
      </object_component>
      <object_component id="oc-15d">
         <name>.debug_line</name>
         <load_address>0x1047</load_address>
         <run_address>0x1047</run_address>
         <size>0x99</size>
         <input_file_ref idref="fl-e"/>
      </object_component>
      <object_component id="oc-1c0">
         <name>.debug_line</name>
         <load_address>0x10e0</load_address>
         <run_address>0x10e0</run_address>
         <size>0xa7</size>
         <input_file_ref idref="fl-e"/>
      </object_component>
      <object_component id="oc-249">
         <name>.debug_line</name>
         <load_address>0x1187</load_address>
         <run_address>0x1187</run_address>
         <size>0xa6</size>
         <input_file_ref idref="fl-e"/>
      </object_component>
      <object_component id="oc-163">
         <name>.debug_line</name>
         <load_address>0x122d</load_address>
         <run_address>0x122d</run_address>
         <size>0x95</size>
         <input_file_ref idref="fl-e"/>
      </object_component>
      <object_component id="oc-18d">
         <name>.debug_line</name>
         <load_address>0x12c2</load_address>
         <run_address>0x12c2</run_address>
         <size>0x92</size>
         <input_file_ref idref="fl-e"/>
      </object_component>
      <object_component id="oc-175">
         <name>.debug_line</name>
         <load_address>0x1354</load_address>
         <run_address>0x1354</run_address>
         <size>0x99</size>
         <input_file_ref idref="fl-e"/>
      </object_component>
      <object_component id="oc-17b">
         <name>.debug_line</name>
         <load_address>0x13ed</load_address>
         <run_address>0x13ed</run_address>
         <size>0x92</size>
         <input_file_ref idref="fl-e"/>
      </object_component>
      <object_component id="oc-193">
         <name>.debug_line</name>
         <load_address>0x147f</load_address>
         <run_address>0x147f</run_address>
         <size>0x92</size>
         <input_file_ref idref="fl-e"/>
      </object_component>
      <object_component id="oc-2b1">
         <name>.debug_line</name>
         <load_address>0x1511</load_address>
         <run_address>0x1511</run_address>
         <size>0x71</size>
         <input_file_ref idref="fl-e"/>
      </object_component>
      <object_component id="oc-2a1">
         <name>.debug_line</name>
         <load_address>0x1582</load_address>
         <run_address>0x1582</run_address>
         <size>0x75</size>
         <input_file_ref idref="fl-e"/>
      </object_component>
      <object_component id="oc-2ac">
         <name>.debug_line</name>
         <load_address>0x15f7</load_address>
         <run_address>0x15f7</run_address>
         <size>0x71</size>
         <input_file_ref idref="fl-e"/>
      </object_component>
      <object_component id="oc-235">
         <name>.debug_line</name>
         <load_address>0x1668</load_address>
         <run_address>0x1668</run_address>
         <size>0x72</size>
         <input_file_ref idref="fl-e"/>
      </object_component>
      <object_component id="oc-2b9">
         <name>.debug_line</name>
         <load_address>0x16da</load_address>
         <run_address>0x16da</run_address>
         <size>0x7c</size>
         <input_file_ref idref="fl-f"/>
      </object_component>
      <object_component id="oc-2b7">
         <name>.debug_line</name>
         <load_address>0x1756</load_address>
         <run_address>0x1756</run_address>
         <size>0x82</size>
         <input_file_ref idref="fl-f"/>
      </object_component>
      <object_component id="oc-2c6">
         <name>.debug_line</name>
         <load_address>0x17d8</load_address>
         <run_address>0x17d8</run_address>
         <size>0x82</size>
         <input_file_ref idref="fl-f"/>
      </object_component>
      <object_component id="oc-2dc">
         <name>.debug_line</name>
         <load_address>0x185a</load_address>
         <run_address>0x185a</run_address>
         <size>0x82</size>
         <input_file_ref idref="fl-f"/>
      </object_component>
      <object_component id="oc-252">
         <name>.debug_line</name>
         <load_address>0x18dc</load_address>
         <run_address>0x18dc</run_address>
         <size>0xaf</size>
         <input_file_ref idref="fl-f"/>
      </object_component>
      <object_component id="oc-172">
         <name>.debug_line</name>
         <load_address>0x198b</load_address>
         <run_address>0x198b</run_address>
         <size>0x99</size>
         <input_file_ref idref="fl-f"/>
      </object_component>
      <object_component id="oc-18a">
         <name>.debug_line</name>
         <load_address>0x1a24</load_address>
         <run_address>0x1a24</run_address>
         <size>0x97</size>
         <input_file_ref idref="fl-f"/>
      </object_component>
      <object_component id="oc-185">
         <name>.debug_line</name>
         <load_address>0x1abb</load_address>
         <run_address>0x1abb</run_address>
         <size>0xc2</size>
         <input_file_ref idref="fl-f"/>
      </object_component>
      <object_component id="oc-2a4">
         <name>.debug_line</name>
         <load_address>0x1b7d</load_address>
         <run_address>0x1b7d</run_address>
         <size>0x13d</size>
         <input_file_ref idref="fl-10"/>
      </object_component>
      <object_component id="oc-2cd">
         <name>.debug_line</name>
         <load_address>0x1cba</load_address>
         <run_address>0x1cba</run_address>
         <size>0x7f</size>
         <input_file_ref idref="fl-10"/>
      </object_component>
      <object_component id="oc-15a">
         <name>.debug_line</name>
         <load_address>0x1d39</load_address>
         <run_address>0x1d39</run_address>
         <size>0x94</size>
         <input_file_ref idref="fl-10"/>
      </object_component>
      <object_component id="oc-154">
         <name>.debug_line</name>
         <load_address>0x1dcd</load_address>
         <run_address>0x1dcd</run_address>
         <size>0x94</size>
         <input_file_ref idref="fl-10"/>
      </object_component>
      <object_component id="oc-1cf">
         <name>.debug_line</name>
         <load_address>0x1e61</load_address>
         <run_address>0x1e61</run_address>
         <size>0x118</size>
         <input_file_ref idref="fl-10"/>
      </object_component>
      <object_component id="oc-2a7">
         <name>.debug_line</name>
         <load_address>0x1f79</load_address>
         <run_address>0x1f79</run_address>
         <size>0x7f</size>
         <input_file_ref idref="fl-10"/>
      </object_component>
      <object_component id="oc-2c9">
         <name>.debug_line</name>
         <load_address>0x1ff8</load_address>
         <run_address>0x1ff8</run_address>
         <size>0x82</size>
         <input_file_ref idref="fl-11"/>
      </object_component>
      <object_component id="oc-2de">
         <name>.debug_line</name>
         <load_address>0x207a</load_address>
         <run_address>0x207a</run_address>
         <size>0x7d</size>
         <input_file_ref idref="fl-11"/>
      </object_component>
      <object_component id="oc-2e0">
         <name>.debug_line</name>
         <load_address>0x20f7</load_address>
         <run_address>0x20f7</run_address>
         <size>0x7d</size>
         <input_file_ref idref="fl-11"/>
      </object_component>
      <object_component id="oc-286">
         <name>.debug_line</name>
         <load_address>0x2174</load_address>
         <run_address>0x2174</run_address>
         <size>0xa5</size>
         <input_file_ref idref="fl-11"/>
      </object_component>
      <object_component id="oc-1ed">
         <name>.debug_line</name>
         <load_address>0x2219</load_address>
         <run_address>0x2219</run_address>
         <size>0x92</size>
         <input_file_ref idref="fl-11"/>
      </object_component>
      <object_component id="oc-1e1">
         <name>.debug_line</name>
         <load_address>0x22ab</load_address>
         <run_address>0x22ab</run_address>
         <size>0x99</size>
         <input_file_ref idref="fl-11"/>
      </object_component>
      <object_component id="oc-1e7">
         <name>.debug_line</name>
         <load_address>0x2344</load_address>
         <run_address>0x2344</run_address>
         <size>0x92</size>
         <input_file_ref idref="fl-11"/>
      </object_component>
      <object_component id="oc-1f3">
         <name>.debug_line</name>
         <load_address>0x23d6</load_address>
         <run_address>0x23d6</run_address>
         <size>0x92</size>
         <input_file_ref idref="fl-11"/>
      </object_component>
      <object_component id="oc-1d8">
         <name>.debug_line</name>
         <load_address>0x2468</load_address>
         <run_address>0x2468</run_address>
         <size>0x92</size>
         <input_file_ref idref="fl-11"/>
      </object_component>
      <object_component id="oc-27e">
         <name>.debug_line</name>
         <load_address>0x24fa</load_address>
         <run_address>0x24fa</run_address>
         <size>0x93</size>
         <input_file_ref idref="fl-11"/>
      </object_component>
      <object_component id="oc-279">
         <name>.debug_line</name>
         <load_address>0x258d</load_address>
         <run_address>0x258d</run_address>
         <size>0x96</size>
         <input_file_ref idref="fl-11"/>
      </object_component>
      <object_component id="oc-1d6">
         <name>.debug_line</name>
         <load_address>0x2623</load_address>
         <run_address>0x2623</run_address>
         <size>0xb3</size>
         <input_file_ref idref="fl-11"/>
      </object_component>
      <object_component id="oc-1ab">
         <name>.debug_line</name>
         <load_address>0x26d6</load_address>
         <run_address>0x26d6</run_address>
         <size>0x92</size>
         <input_file_ref idref="fl-11"/>
      </object_component>
      <object_component id="oc-1b6">
         <name>.debug_line</name>
         <load_address>0x2768</load_address>
         <run_address>0x2768</run_address>
         <size>0x93</size>
         <input_file_ref idref="fl-11"/>
      </object_component>
      <object_component id="oc-1b0">
         <name>.debug_line</name>
         <load_address>0x27fb</load_address>
         <run_address>0x27fb</run_address>
         <size>0x93</size>
         <input_file_ref idref="fl-11"/>
      </object_component>
      <object_component id="oc-1f9">
         <name>.debug_line</name>
         <load_address>0x288e</load_address>
         <run_address>0x288e</run_address>
         <size>0x92</size>
         <input_file_ref idref="fl-11"/>
      </object_component>
      <object_component id="oc-25f">
         <name>.debug_line</name>
         <load_address>0x2920</load_address>
         <run_address>0x2920</run_address>
         <size>0x91</size>
         <input_file_ref idref="fl-12"/>
      </object_component>
      <object_component id="oc-c0">
         <name>.debug_line</name>
         <load_address>0x29b1</load_address>
         <run_address>0x29b1</run_address>
         <size>0x92</size>
         <input_file_ref idref="fl-c8"/>
      </object_component>
      <object_component id="oc-50">
         <name>.debug_line</name>
         <load_address>0x2a43</load_address>
         <run_address>0x2a43</run_address>
         <size>0x53</size>
         <input_file_ref idref="fl-c8"/>
      </object_component>
      <object_component id="oc-8c">
         <name>.debug_line</name>
         <load_address>0x2a96</load_address>
         <run_address>0x2a96</run_address>
         <size>0x34</size>
         <input_file_ref idref="fl-c8"/>
      </object_component>
      <object_component id="oc-bd">
         <name>.debug_line</name>
         <load_address>0x2aca</load_address>
         <run_address>0x2aca</run_address>
         <size>0x92</size>
         <input_file_ref idref="fl-c8"/>
      </object_component>
      <object_component id="oc-87">
         <name>.debug_line</name>
         <load_address>0x2b5c</load_address>
         <run_address>0x2b5c</run_address>
         <size>0x20</size>
         <input_file_ref idref="fl-c9"/>
      </object_component>
      <object_component id="oc-1f">
         <name>.debug_line</name>
         <load_address>0x2b7c</load_address>
         <run_address>0x2b7c</run_address>
         <size>0x55</size>
         <input_file_ref idref="fl-c9"/>
      </object_component>
      <object_component id="oc-44">
         <name>.debug_line</name>
         <load_address>0x2bd1</load_address>
         <run_address>0x2bd1</run_address>
         <size>0x3a</size>
         <input_file_ref idref="fl-c9"/>
      </object_component>
      <object_component id="oc-84">
         <name>.debug_line</name>
         <load_address>0x2c0b</load_address>
         <run_address>0x2c0b</run_address>
         <size>0x92</size>
         <input_file_ref idref="fl-c9"/>
      </object_component>
      <object_component id="oc-b9">
         <name>.debug_line</name>
         <load_address>0x2c9d</load_address>
         <run_address>0x2c9d</run_address>
         <size>0x20</size>
         <input_file_ref idref="fl-ca"/>
      </object_component>
      <object_component id="oc-1a">
         <name>.debug_line</name>
         <load_address>0x2cbd</load_address>
         <run_address>0x2cbd</run_address>
         <size>0xa9</size>
         <input_file_ref idref="fl-ca"/>
      </object_component>
      <object_component id="oc-34">
         <name>.debug_line</name>
         <load_address>0x2d66</load_address>
         <run_address>0x2d66</run_address>
         <size>0x3a</size>
         <input_file_ref idref="fl-ca"/>
      </object_component>
      <object_component id="oc-b6">
         <name>.debug_line</name>
         <load_address>0x2da0</load_address>
         <run_address>0x2da0</run_address>
         <size>0x9a</size>
         <input_file_ref idref="fl-ca"/>
      </object_component>
      <object_component id="oc-7d">
         <name>.debug_line</name>
         <load_address>0x2e3a</load_address>
         <run_address>0x2e3a</run_address>
         <size>0x96</size>
         <input_file_ref idref="fl-ca"/>
      </object_component>
      <object_component id="oc-6c">
         <name>.debug_line</name>
         <load_address>0x2ed0</load_address>
         <run_address>0x2ed0</run_address>
         <size>0x33</size>
         <input_file_ref idref="fl-cb"/>
      </object_component>
      <object_component id="oc-5e">
         <name>.debug_line</name>
         <load_address>0x2f03</load_address>
         <run_address>0x2f03</run_address>
         <size>0x45</size>
         <input_file_ref idref="fl-cb"/>
      </object_component>
      <object_component id="oc-3f">
         <name>.debug_line</name>
         <load_address>0x2f48</load_address>
         <run_address>0x2f48</run_address>
         <size>0x88</size>
         <input_file_ref idref="fl-cc"/>
      </object_component>
      <object_component id="oc-90">
         <name>.debug_line</name>
         <load_address>0x2fd0</load_address>
         <run_address>0x2fd0</run_address>
         <size>0x79</size>
         <input_file_ref idref="fl-cd"/>
      </object_component>
      <object_component id="oc-21f">
         <name>.debug_line</name>
         <load_address>0x3049</load_address>
         <run_address>0x3049</run_address>
         <size>0xbf</size>
         <input_file_ref idref="fl-ce"/>
      </object_component>
      <object_component id="oc-da">
         <name>.debug_line</name>
         <load_address>0x3108</load_address>
         <run_address>0x3108</run_address>
         <size>0x6f</size>
         <input_file_ref idref="fl-ce"/>
      </object_component>
      <object_component id="oc-223">
         <name>.debug_line</name>
         <load_address>0x3177</load_address>
         <run_address>0x3177</run_address>
         <size>0x2e</size>
         <input_file_ref idref="fl-ce"/>
      </object_component>
      <object_component id="oc-295">
         <name>.debug_line</name>
         <load_address>0x31a5</load_address>
         <run_address>0x31a5</run_address>
         <size>0x9a</size>
         <input_file_ref idref="fl-ce"/>
      </object_component>
      <object_component id="oc-228">
         <name>.debug_line</name>
         <load_address>0x323f</load_address>
         <run_address>0x323f</run_address>
         <size>0x97</size>
         <input_file_ref idref="fl-ce"/>
      </object_component>
      <object_component id="oc-22d">
         <name>.debug_line</name>
         <load_address>0x32d6</load_address>
         <run_address>0x32d6</run_address>
         <size>0x93</size>
         <input_file_ref idref="fl-ce"/>
      </object_component>
      <object_component id="oc-9a">
         <name>.debug_line</name>
         <load_address>0x3369</load_address>
         <run_address>0x3369</run_address>
         <size>0x40</size>
         <input_file_ref idref="fl-cf"/>
      </object_component>
      <object_component id="oc-cb">
         <name>.debug_line</name>
         <load_address>0x33a9</load_address>
         <run_address>0x33a9</run_address>
         <size>0x3c</size>
         <input_file_ref idref="fl-d1"/>
      </object_component>
      <object_component id="oc-a0">
         <name>.debug_frame</name>
         <load_address>0x0</load_address>
         <run_address>0x0</run_address>
         <size>0x58</size>
         <input_file_ref idref="fl-2"/>
      </object_component>
      <object_component id="oc-28">
         <name>.debug_frame</name>
         <load_address>0x58</load_address>
         <run_address>0x58</run_address>
         <size>0x90</size>
         <input_file_ref idref="fl-3"/>
      </object_component>
      <object_component id="oc-c8">
         <name>.debug_frame</name>
         <load_address>0xe8</load_address>
         <run_address>0xe8</run_address>
         <size>0xa8</size>
         <input_file_ref idref="fl-4"/>
      </object_component>
      <object_component id="oc-10f">
         <name>.debug_frame</name>
         <load_address>0x190</load_address>
         <run_address>0x190</run_address>
         <size>0x70</size>
         <input_file_ref idref="fl-5"/>
      </object_component>
      <object_component id="oc-115">
         <name>.debug_frame</name>
         <load_address>0x200</load_address>
         <run_address>0x200</run_address>
         <size>0xb8</size>
         <input_file_ref idref="fl-6"/>
      </object_component>
      <object_component id="oc-118">
         <name>.debug_frame</name>
         <load_address>0x2b8</load_address>
         <run_address>0x2b8</run_address>
         <size>0xbc</size>
         <input_file_ref idref="fl-7"/>
      </object_component>
      <object_component id="oc-121">
         <name>.debug_frame</name>
         <load_address>0x374</load_address>
         <run_address>0x374</run_address>
         <size>0xe4</size>
         <input_file_ref idref="fl-8"/>
      </object_component>
      <object_component id="oc-1a0">
         <name>.debug_frame</name>
         <load_address>0x458</load_address>
         <run_address>0x458</run_address>
         <size>0x54</size>
         <input_file_ref idref="fl-e"/>
      </object_component>
      <object_component id="oc-23a">
         <name>.debug_frame</name>
         <load_address>0x4ac</load_address>
         <run_address>0x4ac</run_address>
         <size>0x54</size>
         <input_file_ref idref="fl-e"/>
      </object_component>
      <object_component id="oc-169">
         <name>.debug_frame</name>
         <load_address>0x500</load_address>
         <run_address>0x500</run_address>
         <size>0x68</size>
         <input_file_ref idref="fl-e"/>
      </object_component>
      <object_component id="oc-1ca">
         <name>.debug_frame</name>
         <load_address>0x568</load_address>
         <run_address>0x568</run_address>
         <size>0x58</size>
         <input_file_ref idref="fl-e"/>
      </object_component>
      <object_component id="oc-19e">
         <name>.debug_frame</name>
         <load_address>0x5c0</load_address>
         <run_address>0x5c0</run_address>
         <size>0x5c</size>
         <input_file_ref idref="fl-e"/>
      </object_component>
      <object_component id="oc-161">
         <name>.debug_frame</name>
         <load_address>0x61c</load_address>
         <run_address>0x61c</run_address>
         <size>0x58</size>
         <input_file_ref idref="fl-e"/>
      </object_component>
      <object_component id="oc-1c4">
         <name>.debug_frame</name>
         <load_address>0x674</load_address>
         <run_address>0x674</run_address>
         <size>0x58</size>
         <input_file_ref idref="fl-e"/>
      </object_component>
      <object_component id="oc-24d">
         <name>.debug_frame</name>
         <load_address>0x6cc</load_address>
         <run_address>0x6cc</run_address>
         <size>0x54</size>
         <input_file_ref idref="fl-e"/>
      </object_component>
      <object_component id="oc-167">
         <name>.debug_frame</name>
         <load_address>0x720</load_address>
         <run_address>0x720</run_address>
         <size>0x54</size>
         <input_file_ref idref="fl-e"/>
      </object_component>
      <object_component id="oc-191">
         <name>.debug_frame</name>
         <load_address>0x774</load_address>
         <run_address>0x774</run_address>
         <size>0x54</size>
         <input_file_ref idref="fl-e"/>
      </object_component>
      <object_component id="oc-179">
         <name>.debug_frame</name>
         <load_address>0x7c8</load_address>
         <run_address>0x7c8</run_address>
         <size>0x5c</size>
         <input_file_ref idref="fl-e"/>
      </object_component>
      <object_component id="oc-17f">
         <name>.debug_frame</name>
         <load_address>0x824</load_address>
         <run_address>0x824</run_address>
         <size>0x54</size>
[...]
               <logical_group_ref idref="lg-3"/>
            </allocated_space>
            <allocated_space>
               <start_address>0x26c</start_address>
               <size>0xdd4</size>
               <logical_group_ref idref="lg-4"/>
            </allocated_space>
            <allocated_space>
               <start_address>0x1040</start_address>
               <size>0x3fc</size>
               <logical_group_ref idref="lg-5"/>
            </allocated_space>
            <available_space>
               <start_address>0x143c</start_address>
               <size>0x4</size>
            </available_space>
            <allocated_space>
               <start_address>0x1440</start_address>
               <size>0x48</size>
               <logical_group_ref idref="lg-6"/>
            </allocated_space>
            <available_space>
               <start_address>0x1488</start_address>
               <size>0x3eb78</size>
            </available_space>
         </usage_details>
      </memory_area>
      <memory_area display="yes" color="green">
         <name>SRAM</name>
         <page_id>0x0</page_id>
         <origin>0x20000000</origin>
         <length>0x8000</length>
         <used_space>0x610</used_space>
         <unused_space>0x79f0</unused_space>
         <attributes>RWX</attributes>
         <usage_details>
            <allocated_space>
               <start_address>0x20000000</start_address>
               <size>0x0</size>
               <logical_group_ref idref="lg-2e3"/>
            </allocated_space>
            <allocated_space>
               <start_address>0x20000000</start_address>
               <size>0x26c</size>
               <logical_group_ref idref="lg-9"/>
            </allocated_space>
            <available_space>
               <start_address>0x2000026c</start_address>
               <size>0x4</size>
            </available_space>
            <allocated_space>
               <start_address>0x20000270</start_address>
               <size>0x200</size>
               <logical_group_ref idref="lg-d"/>
            </allocated_space>
            <allocated_space>
               <start_address>0x20000470</start_address>
               <size>0x190</size>
               <logical_group_ref idref="lg-b"/>
            </allocated_space>
            <allocated_space>
               <start_address>0x20000600</start_address>
               <size>0x14</size>
               <logical_group_ref idref="lg-a"/>
            </allocated_space>
            <available_space>
               <start_address>0x20000614</start_address>
               <size>0x79ec</size>
            </available_space>
         </usage_details>
      </memory_area>
   </placement_map>
   <cptbl_list>
      <cptbl>
         <name>__TI_cinit_table</name>
         <cprec>
            <name>.data</name>
            <load_address>0x1440</load_address>
            <load_size>0x10</load_size>
            <run_address>0x20000600</run_address>
            <run_size>0x14</run_size>
            <compression>lzss</compression>
         </cprec>
         <cprec>
            <name>.bss</name>
            <load_address>0x1460</load_address>
            <load_size>0x8</load_size>
            <run_address>0x20000470</run_address>
            <run_size>0x190</run_size>
            <compression>zero_init</compression>
         </cprec>
         <cprec>
            <name>.vtable</name>
            <load_address>0x1468</load_address>
            <load_size>0x8</load_size>
            <run_address>0x20000000</run_address>
            <run_size>0x26c</run_size>
            <compression>zero_init</compression>
         </cprec>
      </cptbl>
   </cptbl_list>
   <handler_table>
      <handler_table_name>__TI_handler_table</handler_table_name>
      <handler>
         <index>0x0</index>
         <name>__TI_zero_init</name>
      </handler>
      <handler>
         <index>0x1</index>
         <name>__TI_decompress_lzss</name>
      </handler>
      <handler>
         <index>0x2</index>
         <name>__TI_decompress_none</name>
      </handler>
   </handler_table>
   <symbol_table>
      <symbol id="sm-1">
         <name>__STACK_TOP</name>
         <value>0x20000470</value>
      </symbol>
      <symbol id="sm-2">
         <name>__start___llvm_prf_cnts</name>
         <value>0x20000000</value>
      </symbol>
      <symbol id="sm-3">
         <name>__stop___llvm_prf_cnts</name>
         <value>0x20000000</value>
      </symbol>
      <symbol id="sm-4">
         <name>__TI_CINIT_Base</name>
         <value>0x1470</value>
      </symbol>
      <symbol id="sm-5">
         <name>__TI_CINIT_Limit</name>
         <value>0x1488</value>
      </symbol>
      <symbol id="sm-6">
         <name>__TI_Handler_Table_Base</name>
         <value>0x1450</value>
      </symbol>
      <symbol id="sm-7">
         <name>__TI_Handler_Table_Limit</name>
         <value>0x145c</value>
      </symbol>
      <symbol id="sm-8">
         <name>binit</name>
         <value>0xffffffff</value>
      </symbol>
      <symbol id="sm-9">
         <name>__binit__</name>
         <value>0xffffffff</value>
      </symbol>
      <symbol id="sm-a">
         <name>__STACK_SIZE</name>
         <value>0x200</value>
      </symbol>
      <symbol id="sm-b">
         <name>__STACK_END</name>
         <value>0x20000470</value>
      </symbol>
      <symbol id="sm-c">
         <name>__c_args__</name>
         <value>0xffffffff</value>
      </symbol>
      <symbol id="sm-d">
         <name>__TI_pprof_out_hndl</name>
         <value>0xffffffff</value>
      </symbol>
      <symbol id="sm-e">
         <name>__TI_prof_data_start</name>
         <value>0xffffffff</value>
      </symbol>
      <symbol id="sm-f">
         <name>__TI_prof_data_size</name>
         <value>0xffffffff</value>
      </symbol>
      <symbol id="sm-52">
         <name>main</name>
         <value>0xfdd</value>
         <object_component_ref idref="oc-9b"/>
      </symbol>
      <symbol id="sm-6e">
         <name>ResetISR</name>
         <value>0xfe9</value>
         <object_component_ref idref="oc-27"/>
      </symbol>
      <symbol id="sm-6f">
         <name>g_pfnVectors</name>
         <value>0x0</value>
         <object_component_ref idref="oc-12"/>
      </symbol>
      <symbol id="sm-b2">
         <name>send</name>
         <value>0x343</value>
         <object_component_ref idref="oc-c3"/>
      </symbol>
      <symbol id="sm-b3">
         <name>state</name>
         <value>0x2000060c</value>
         <object_component_ref idref="oc-125"/>
      </symbol>
      <symbol id="sm-b4">
         <name>chat_init</name>
         <value>0x26d</value>
         <object_component_ref idref="oc-c3"/>
      </symbol>
      <symbol id="sm-b5">
         <name>recieve</name>
         <value>0x423</value>
         <object_component_ref idref="oc-c3"/>
      </symbol>
      <symbol id="sm-b6">
         <name>chat_app</name>
         <value>0x27d</value>
         <object_component_ref idref="oc-c3"/>
      </symbol>
      <symbol id="sm-b7">
         <name>error_msg</name>
         <value>0x20000610</value>
         <object_component_ref idref="oc-125"/>
      </symbol>
      <symbol id="sm-d4">
         <name>buttons_init</name>
         <value>0x8b9</value>
         <object_component_ref idref="oc-10a"/>
      </symbol>
      <symbol id="sm-d5">
         <name>portF_IntHandler</name>
         <value>0x927</value>
         <object_component_ref idref="oc-10a"/>
      </symbol>
      <symbol id="sm-d6">
         <name>button</name>
         <value>0x2000060a</value>
         <object_component_ref idref="oc-122"/>
      </symbol>
      <symbol id="sm-e8">
         <name>LEDs_init</name>
         <value>0xb5d</value>
         <object_component_ref idref="oc-110"/>
      </symbol>
      <symbol id="sm-e9">
         <name>LEDs_blueOn</name>
         <value>0xb79</value>
         <object_component_ref idref="oc-110"/>
      </symbol>
      <symbol id="sm-ea">
         <name>LEDs_whiteOn</name>
         <value>0xb95</value>
         <object_component_ref idref="oc-110"/>
      </symbol>
      <symbol id="sm-eb">
         <name>LEDs_redOn</name>
         <value>0xb87</value>
         <object_component_ref idref="oc-110"/>
      </symbol>
      <symbol id="sm-ec">
         <name>LEDs_allOff</name>
         <value>0xba3</value>
         <object_component_ref idref="oc-110"/>
      </symbol>
      <symbol id="sm-fd">
         <name>communication_isCharAvailable</name>
         <value>0xcaf</value>
         <object_component_ref idref="oc-116"/>
      </symbol>
      <symbol id="sm-fe">
         <name>communication_Init</name>
         <value>0xca3</value>
         <object_component_ref idref="oc-116"/>
      </symbol>
      <symbol id="sm-ff">
         <name>communication_putString</name>
         <value>0xcdd</value>
         <object_component_ref idref="oc-116"/>
      </symbol>
      <symbol id="sm-100">
         <name>communication_putChar</name>
         <value>0xcc9</value>
         <object_component_ref idref="oc-116"/>
      </symbol>
      <symbol id="sm-101">
         <name>communication_getChar</name>
         <value>0xcbb</value>
         <object_component_ref idref="oc-116"/>
      </symbol>
      <symbol id="sm-12f">
         <name>U0_receivedData</name>
         <value>0x20000470</value>
      </symbol>
      <symbol id="sm-130">
         <name>U7_receivedData</name>
         <value>0x20000538</value>
      </symbol>
      <symbol id="sm-131">
         <name>uartIndex</name>
         <value>0x20000600</value>
         <object_component_ref idref="oc-128"/>
      </symbol>
      <symbol id="sm-132">
         <name>UART7_init</name>
         <value>0x573</value>
         <object_component_ref idref="oc-11c"/>
      </symbol>
      <symbol id="sm-133">
         <name>UART0_init</name>
         <value>0x4ad</value>
         <object_component_ref idref="oc-11c"/>
      </symbol>
      <symbol id="sm-134">
         <name>CLEAR_sendFlag</name>
         <value>0x5f9</value>
         <object_component_ref idref="oc-11c"/>
      </symbol>
      <symbol id="sm-135">
         <name>recieve_flag</name>
         <value>0x20000609</value>
         <object_component_ref idref="oc-128"/>
      </symbol>
      <symbol id="sm-136">
         <name>uart7_Index</name>
         <value>0x20000604</value>
         <object_component_ref idref="oc-128"/>
      </symbol>
      <symbol id="sm-137">
         <name>UART7_recieveSignal</name>
         <value>0x5d5</value>
         <object_component_ref idref="oc-11c"/>
      </symbol>
      <symbol id="sm-138">
         <name>UART0_putString</name>
         <value>0x52f</value>
         <object_component_ref idref="oc-11c"/>
      </symbol>
      <symbol id="sm-139">
         <name>UART0_sendSignal</name>
         <value>0x513</value>
         <object_component_ref idref="oc-11c"/>
      </symbol>
      <symbol id="sm-13a">
         <name>send_flag</name>
         <value>0x20000608</value>
         <object_component_ref idref="oc-128"/>
      </symbol>
      <symbol id="sm-13b">
         <name>CLEAR_recievedFlag</name>
         <value>0x5f1</value>
         <object_component_ref idref="oc-11c"/>
      </symbol>
      <symbol id="sm-1e8">
         <name>GPIOIntRegister</name>
         <value>0xf0f</value>
         <object_component_ref idref="oc-174"/>
      </symbol>
      <symbol id="sm-1e9">
         <name>GPIOPinConfigure</name>
         <value>0xc11</value>
         <object_component_ref idref="oc-1bf"/>
      </symbol>
      <symbol id="sm-1ea">
         <name>GPIOIntEnable</name>
         <value>0xfc5</value>
         <object_component_ref idref="oc-17a"/>
      </symbol>
      <symbol id="sm-1eb">
         <name>GPIOIntTypeSet</name>
         <value>0xbb9</value>
         <object_component_ref idref="oc-162"/>
      </symbol>
      <symbol id="sm-1ec">
         <name>GPIOPinTypeGPIOInput</name>
         <value>0xf3f</value>
         <object_component_ref idref="oc-15c"/>
      </symbol>
      <symbol id="sm-1ed">
         <name>GPIOIntClear</name>
         <value>0x1023</value>
         <object_component_ref idref="oc-192"/>
      </symbol>
      <symbol id="sm-1ee">
         <name>GPIOPinTypeUART</name>
         <value>0xf55</value>
         <object_component_ref idref="oc-1c5"/>
      </symbol>
      <symbol id="sm-1ef">
         <name>GPIOIntStatus</name>
         <value>0xf8f</value>
         <object_component_ref idref="oc-18c"/>
      </symbol>
      <symbol id="sm-1f0">
         <name>GPIOPinTypeGPIOOutput</name>
         <value>0xef5</value>
         <object_component_ref idref="oc-199"/>
      </symbol>
      <symbol id="sm-1f1">
         <name>GPIODirModeSet</name>
         <value>0xe85</value>
         <object_component_ref idref="oc-239"/>
      </symbol>
      <symbol id="sm-1f2">
         <name>GPIOPinWrite</name>
         <value>0x1029</value>
         <object_component_ref idref="oc-19f"/>
      </symbol>
      <symbol id="sm-1f3">
         <name>GPIOPadConfigSet</name>
         <value>0x635</value>
         <object_component_ref idref="oc-168"/>
      </symbol>
      <symbol id="sm-23e">
         <name>IntPrioritySet</name>
         <value>0xeb1</value>
         <object_component_ref idref="oc-16e"/>
      </symbol>
      <symbol id="sm-23f">
         <name>IntEnable</name>
         <value>0xa8d</value>
         <object_component_ref idref="oc-180"/>
      </symbol>
      <symbol id="sm-240">
         <name>IntRegister</name>
         <value>0xde9</value>
         <object_component_ref idref="oc-24e"/>
      </symbol>
      <symbol id="sm-241">
         <name>g_pfnRAMVectors</name>
         <value>0x20000000</value>
         <object_component_ref idref="oc-2c1"/>
      </symbol>
      <symbol id="sm-242">
         <name>IntMasterEnable</name>
         <value>0xf7f</value>
         <object_component_ref idref="oc-186"/>
      </symbol>
      <symbol id="sm-288">
         <name>SysCtlPeripheralEnable</name>
         <value>0xe1d</value>
         <object_component_ref idref="oc-150"/>
      </symbol>
      <symbol id="sm-289">
         <name>SysCtlClockGet</name>
         <value>0x7a1</value>
         <object_component_ref idref="oc-1cb"/>
      </symbol>
      <symbol id="sm-28a">
         <name>SysCtlPeripheralReady</name>
         <value>0xdb1</value>
         <object_component_ref idref="oc-156"/>
      </symbol>
      <symbol id="sm-314">
         <name>UARTConfigSetExpClk</name>
         <value>0xc5d</value>
         <object_component_ref idref="oc-1d1"/>
      </symbol>
      <symbol id="sm-315">
         <name>UARTDisable</name>
         <value>0xed5</value>
         <object_component_ref idref="oc-274"/>
      </symbol>
      <symbol id="sm-316">
         <name>UARTBusy</name>
         <value>0x1013</value>
         <object_component_ref idref="oc-1f5"/>
      </symbol>
      <symbol id="sm-317">
         <name>UARTIntEnable</name>
         <value>0x101b</value>
         <object_component_ref idref="oc-1e3"/>
      </symbol>
      <symbol id="sm-318">
         <name>UARTCharsAvail</name>
         <value>0xf9d</value>
         <object_component_ref idref="oc-1a6"/>
      </symbol>
      <symbol id="sm-319">
         <name>UARTCharPut</name>
         <value>0xfff</value>
         <object_component_ref idref="oc-1b2"/>
      </symbol>
      <symbol id="sm-31a">
         <name>UARTEnable</name>
         <value>0xf6b</value>
         <object_component_ref idref="oc-27a"/>
      </symbol>
      <symbol id="sm-31b">
         <name>UARTIntClear</name>
         <value>0x1035</value>
         <object_component_ref idref="oc-1ef"/>
      </symbol>
      <symbol id="sm-31c">
         <name>UARTIntStatus</name>
         <value>0x1009</value>
         <object_component_ref idref="oc-1e9"/>
      </symbol>
      <symbol id="sm-31d">
         <name>UARTCharGet</name>
         <value>0xff5</value>
         <object_component_ref idref="oc-1ac"/>
      </symbol>
      <symbol id="sm-31e">
         <name>UARTFIFOLevelSet</name>
         <value>0x102f</value>
         <object_component_ref idref="oc-1d7"/>
      </symbol>
      <symbol id="sm-31f">
         <name>UARTIntRegister</name>
         <value>0xf27</value>
         <object_component_ref idref="oc-1dd"/>
      </symbol>
      <symbol id="sm-329">
         <name>CPUcpsie</name>
         <value>0xfb9</value>
         <object_component_ref idref="oc-25a"/>
      </symbol>
      <symbol id="sm-340">
         <name>__TI_zero_init</name>
         <value>0xfd1</value>
         <object_component_ref idref="oc-4d"/>
      </symbol>
      <symbol id="sm-357">
         <name>__TI_decompress_none</name>
         <value>0xfab</value>
         <object_component_ref idref="oc-1b"/>
      </symbol>
      <symbol id="sm-37a">
         <name>__TI_decompress_lzss</name>
         <value>0xaf5</value>
         <object_component_ref idref="oc-15"/>
      </symbol>
      <symbol id="sm-38d">
         <name>__stack</name>
         <value>0x20000270</value>
         <object_component_ref idref="oc-24"/>
      </symbol>
      <symbol id="sm-38e">
         <name>_c_int00_noargs</name>
         <value>0xe51</value>
         <object_component_ref idref="oc-59"/>
      </symbol>
      <symbol id="sm-3a9">
         <name>memcpy</name>
         <value>0x975</value>
         <object_component_ref idref="oc-3b"/>
      </symbol>
      <symbol id="sm-3aa">
         <name>__aeabi_memcpy</name>
         <value>0x975</value>
         <object_component_ref idref="oc-3b"/>
      </symbol>
      <symbol id="sm-3ab">
         <name>__aeabi_memcpy8</name>
         <value>0x975</value>
         <object_component_ref idref="oc-3b"/>
      </symbol>
      <symbol id="sm-3ac">
         <name>__aeabi_memcpy4</name>
         <value>0x975</value>
         <object_component_ref idref="oc-3b"/>
      </symbol>
      <symbol id="sm-3bb">
         <name>__aeabi_memset</name>
         <value>0xa13</value>
         <object_component_ref idref="oc-8f"/>
      </symbol>
      <symbol id="sm-3bc">
         <name>memset</name>
         <value>0xa19</value>
         <object_component_ref idref="oc-8f"/>
      </symbol>
      <symbol id="sm-3bd">
         <name>__aeabi_memset8</name>
         <value>0xa13</value>
         <object_component_ref idref="oc-8f"/>
      </symbol>
      <symbol id="sm-3be">
         <name>__aeabi_memset4</name>
         <value>0xa13</value>
         <object_component_ref idref="oc-8f"/>
      </symbol>
      <symbol id="sm-3bf">
         <name>__aeabi_memclr8</name>
         <value>0xa11</value>
         <object_component_ref idref="oc-8f"/>
      </symbol>
      <symbol id="sm-3c0">
         <name>__aeabi_memclr4</name>
         <value>0xa11</value>
         <object_component_ref idref="oc-8f"/>
      </symbol>
      <symbol id="sm-3c1">
         <name>__aeabi_memclr</name>
         <value>0xa11</value>
         <object_component_ref idref="oc-8f"/>
      </symbol>
      <symbol id="sm-3e9">
         <name>__TI_auto_init_nobinit_nopinit</name>
         <value>0xd2d</value>
         <object_component_ref idref="oc-d6"/>
      </symbol>
      <symbol id="sm-3f3">
         <name>_system_pre_init</name>
         <value>0x1039</value>
         <object_component_ref idref="oc-95"/>
      </symbol>
      <symbol id="sm-3ff">
         <name>C$$EXIT</name>
         <value>0x103d</value>
         <object_component_ref idref="oc-ca"/>
      </symbol>
      <symbol id="sm-400">
         <name>abort</name>
         <value>0x103d</value>
         <object_component_ref idref="oc-ca"/>
      </symbol>
      <symbol id="sm-403">
         <name>__TI_static_base__</name>
         <value>0x0</value>
      </symbol>
      <symbol id="sm-406">
         <name>__mpu_init</name>
         <value>0x0</value>
      </symbol>
      <symbol id="sm-407">
         <name>_system_post_cinit</name>
         <value>0x0</value>
      </symbol>
   </symbol_table>
   <title>Link successful</title>
</link_info>
